Archive member included to satisfy reference by file (symbol)

/usr/lib/gcc/arm-none-eabi/14.2.0/../../../../arm-none-eabi/lib/thumb/v7e-m+fp/hard/libc_nano.a(libc_a-atexit.o)
                              /usr/lib/gcc/arm-none-eabi/14.2.0/../../../../arm-none-eabi/lib/thumb/v7e-m+fp/hard/crt0.o (atexit)
/usr/lib/gcc/arm-none-eabi/14.2.0/../../../../arm-none-eabi/lib/thumb/v7e-m+fp/hard/libc_nano.a(libc_a-exit.o)
                              /usr/lib/gcc/arm-none-eabi/14.2.0/../../../../arm-none-eabi/lib/thumb/v7e-m+fp/hard/crt0.o (exit)
/usr/lib/gcc/arm-none-eabi/14.2.0/../../../../arm-none-eabi/lib/thumb/v7e-m+fp/hard/libc_nano.a(libc_a-findfp.o)
                              /usr/lib/gcc/arm-none-eabi/14.2.0/../../../../arm-none-eabi/lib/thumb/v7e-m+fp/hard/libc_nano.a(libc_a-exit.o) (__stdio_exit_handler)
/usr/lib/gcc/arm-none-eabi/14.2.0/../../../../arm-none-eabi/lib/thumb/v7e-m+fp/hard/libc_nano.a(libc_a-fwalk.o)
                              /usr/lib/gcc/arm-none-eabi/14.2.0/../../../../arm-none-eabi/lib/thumb/v7e-m+fp/hard/libc_nano.a(libc_a-findfp.o) (_fwalk_sglue)
/usr/lib/gcc/arm-none-eabi/14.2.0/../../../../arm-none-eabi/lib/thumb/v7e-m+fp/hard/libc_nano.a(libc_a-stdio.o)
                              /usr/lib/gcc/arm-none-eabi/14.2.0/../../../../arm-none-eabi/lib/thumb/v7e-m+fp/hard/libc_nano.a(libc_a-findfp.o) (__sread)
/usr/lib/gcc/arm-none-eabi/14.2.0/../../../../arm-none-eabi/lib/thumb/v7e-m+fp/hard/libc_nano.a(libc_a-memset.o)
                              /usr/lib/gcc/arm-none-eabi/14.2.0/../../../../arm-none-eabi/lib/thumb/v7e-m+fp/hard/crt0.o (memset)
/usr/lib/gcc/arm-none-eabi/14.2.0/../../../../arm-none-eabi/lib/thumb/v7e-m+fp/hard/libc_nano.a(libc_a-closer.o)
                              /usr/lib/gcc/arm-none-eabi/14.2.0/../../../../arm-none-eabi/lib/thumb/v7e-m+fp/hard/libc_nano.a(libc_a-stdio.o) (_close_r)
/usr/lib/gcc/arm-none-eabi/14.2.0/../../../../arm-none-eabi/lib/thumb/v7e-m+fp/hard/libc_nano.a(libc_a-reent.o)
                              /usr/lib/gcc/arm-none-eabi/14.2.0/../../../../arm-none-eabi/lib/thumb/v7e-m+fp/hard/libc_nano.a(libc_a-closer.o) (errno)
/usr/lib/gcc/arm-none-eabi/14.2.0/../../../../arm-none-eabi/lib/thumb/v7e-m+fp/hard/libc_nano.a(libc_a-impure.o)
                              /usr/lib/gcc/arm-none-eabi/14.2.0/../../../../arm-none-eabi/lib/thumb/v7e-m+fp/hard/libc_nano.a(libc_a-reent.o) (_impure_ptr)
/usr/lib/gcc/arm-none-eabi/14.2.0/../../../../arm-none-eabi/lib/thumb/v7e-m+fp/hard/libc_nano.a(libc_a-lseekr.o)
                              /usr/lib/gcc/arm-none-eabi/14.2.0/../../../../arm-none-eabi/lib/thumb/v7e-m+fp/hard/libc_nano.a(libc_a-stdio.o) (_lseek_r)
/usr/lib/gcc/arm-none-eabi/14.2.0/../../../../arm-none-eabi/lib/thumb/v7e-m+fp/hard/libc_nano.a(libc_a-readr.o)
                              /usr/lib/gcc/arm-none-eabi/14.2.0/../../../../arm-none-eabi/lib/thumb/v7e-m+fp/hard/libc_nano.a(libc_a-stdio.o) (_read_r)
/usr/lib/gcc/arm-none-eabi/14.2.0/../../../../arm-none-eabi/lib/thumb/v7e-m+fp/hard/libc_nano.a(libc_a-writer.o)
                              /usr/lib/gcc/arm-none-eabi/14.2.0/../../../../arm-none-eabi/lib/thumb/v7e-m+fp/hard/libc_nano.a(libc_a-stdio.o) (_write_r)
/usr/lib/gcc/arm-none-eabi/14.2.0/../../../../arm-none-eabi/lib/thumb/v7e-m+fp/hard/libc_nano.a(libc_a-init.o)
                              /usr/lib/gcc/arm-none-eabi/14.2.0/../../../../arm-none-eabi/lib/thumb/v7e-m+fp/hard/crt0.o (__libc_init_array)
/usr/lib/gcc/arm-none-eabi/14.2.0/../../../../arm-none-eabi/lib/thumb/v7e-m+fp/hard/libc_nano.a(libc_a-fini.o)
                              /usr/lib/gcc/arm-none-eabi/14.2.0/../../../../arm-none-eabi/lib/thumb/v7e-m+fp/hard/crt0.o (__libc_fini_array)
/usr/lib/gcc/arm-none-eabi/14.2.0/../../../../arm-none-eabi/lib/thumb/v7e-m+fp/hard/libc_nano.a(libc_a-lock.o)
                              /usr/lib/gcc/arm-none-eabi/14.2.0/../../../../arm-none-eabi/lib/thumb/v7e-m+fp/hard/libc_nano.a(libc_a-findfp.o) (__retarget_lock_init_recursive)
/usr/lib/gcc/arm-none-eabi/14.2.0/../../../../arm-none-eabi/lib/thumb/v7e-m+fp/hard/libc_nano.a(libc_a-__atexit.o)
                              /usr/lib/gcc/arm-none-eabi/14.2.0/../../../../arm-none-eabi/lib/thumb/v7e-m+fp/hard/libc_nano.a(libc_a-atexit.o) (__register_exitproc)
/usr/lib/gcc/arm-none-eabi/14.2.0/../../../../arm-none-eabi/lib/thumb/v7e-m+fp/hard/libc_nano.a(libc_a-__call_atexit.o)
                              /usr/lib/gcc/arm-none-eabi/14.2.0/../../../../arm-none-eabi/lib/thumb/v7e-m+fp/hard/libc_nano.a(libc_a-__atexit.o) (__call_exitprocs)
/usr/lib/gcc/arm-none-eabi/14.2.0/../../../../arm-none-eabi/lib/thumb/v7e-m+fp/hard/libc_nano.a(libc_a-freer.o)
                              /usr/lib/gcc/arm-none-eabi/14.2.0/../../../../arm-none-eabi/lib/thumb/v7e-m+fp/hard/libc_nano.a(libc_a-reent.o) (_free_r)
/usr/lib/gcc/arm-none-eabi/14.2.0/../../../../arm-none-eabi/lib/thumb/v7e-m+fp/hard/libc_nano.a(libc_a-mallocr.o)
[...]
Memory Configuration

Name             Origin             Length             Attributes
RAM              0x20000000         0x00010000         xrw
RAM2             0x10000000         0x00004000         xrw
FLASH            0x08000000         0x00040000         xr
*default*        0x00000000         0xffffffff

Linker script and memory map

LOAD /usr/lib/gcc/arm-none-eabi/14.2.0/thumb/v7e-m+fp/hard/crti.o
LOAD /usr/lib/gcc/arm-none-eabi/14.2.0/thumb/v7e-m+fp/hard/crtbegin.o
LOAD /usr/lib/gcc/arm-none-eabi/14.2.0/../../../../arm-none-eabi/lib/thumb/v7e-m+fp/hard/crt0.o
LOAD build/debug/Core/Src/adc.o
LOAD build/debug/Core/Src/dma.o
LOAD build/debug/Core/Src/gpio.o
LOAD build/debug/Core/Src/main.o
LOAD build/debug/Core/Src/pdm.o
LOAD build/debug/Core/Src/spi.o
LOAD build/debug/Core/Src/stm32l4xx_hal_msp.o
LOAD build/debug/Core/Src/stm32l4xx_it.o
LOAD build/debug/Core/Src/system_stm32l4xx.o
LOAD build/debug/Core/Src/ws2812.o
LOAD build/debug/Drivers/STM32L4xx_HAL_Driver/Src/stm32l4xx_hal.o
LOAD build/debug/Drivers/STM32L4xx_HAL_Driver/Src/stm32l4xx_hal_adc.o
LOAD build/debug/Drivers/STM32L4xx_HAL_Driver/Src/stm32l4xx_hal_adc_ex.o
LOAD build/debug/Drivers/STM32L4xx_HAL_Driver/Src/stm32l4xx_hal_cortex.o
LOAD build/debug/Drivers/STM32L4xx_HAL_Driver/Src/stm32l4xx_hal_dma.o
LOAD build/debug/Drivers/STM32L4xx_HAL_Driver/Src/stm32l4xx_hal_dma_ex.o
LOAD build/debug/Drivers/STM32L4xx_HAL_Driver/Src/stm32l4xx_hal_exti.o
LOAD build/debug/Drivers/STM32L4xx_HAL_Driver/Src/stm32l4xx_hal_flash.o
LOAD build/debug/Drivers/STM32L4xx_HAL_Driver/Src/stm32l4xx_hal_flash_ex.o
LOAD build/debug/Drivers/STM32L4xx_HAL_Driver/Src/stm32l4xx_hal_flash_ramfunc.o
LOAD build/debug/Drivers/STM32L4xx_HAL_Driver/Src/stm32l4xx_hal_gpio.o
LOAD build/debug/Drivers/STM32L4xx_HAL_Driver/Src/stm32l4xx_hal_i2c.o
LOAD build/debug/Drivers/STM32L4xx_HAL_Driver/Src/stm32l4xx_hal_i2c_ex.o
LOAD build/debug/Drivers/STM32L4xx_HAL_Driver/Src/stm32l4xx_hal_pwr.o
LOAD build/debug/Drivers/STM32L4xx_HAL_Driver/Src/stm32l4xx_hal_pwr_ex.o
LOAD build/debug/Drivers/STM32L4xx_HAL_Driver/Src/stm32l4xx_hal_rcc.o
LOAD build/debug/Drivers/STM32L4xx_HAL_Driver/Src/stm32l4xx_hal_rcc_ex.o
LOAD build/debug/Drivers/STM32L4xx_HAL_Driver/Src/stm32l4xx_hal_spi.o
LOAD build/debug/Drivers/STM32L4xx_HAL_Driver/Src/stm32l4xx_hal_spi_ex.o
LOAD build/debug/Drivers/STM32L4xx_HAL_Driver/Src/stm32l4xx_hal_tim.o
LOAD build/debug/Drivers/STM32L4xx_HAL_Driver/Src/stm32l4xx_hal_tim_ex.o
LOAD build/debug/colorchord/DFT32.o
LOAD build/debug/colorchord/embeddednf.o
LOAD build/debug/colorchord/embeddedout.o
LOAD build/debug/startup_stm32l431xx.o
LOAD /usr/lib/gcc/arm-none-eabi/14.2.0/../../../../arm-none-eabi/lib/thumb/v7e-m+fp/hard/libc_nano.a
LOAD /usr/lib/gcc/arm-none-eabi/14.2.0/../../../../arm-none-eabi/lib/thumb/v7e-m+fp/hard/libm.a
LOAD /usr/lib/gcc/arm-none-eabi/14.2.0/../../../../arm-none-eabi/lib/thumb/v7e-m+fp/hard/libnosys.a
START GROUP
LOAD /usr/lib/gcc/arm-none-eabi/14.2.0/thumb/v7e-m+fp/hard/libgcc.a
LOAD /usr/lib/gcc/arm-none-eabi/14.2.0/../../../../arm-none-eabi/lib/thumb/v7e-m+fp/hard/libc_nano.a
END GROUP
START GROUP
LOAD /usr/lib/gcc/arm-none-eabi/14.2.0/thumb/v7e-m+fp/hard/libgcc.a
LOAD /usr/lib/gcc/arm-none-eabi/14.2.0/../../../../arm-none-eabi/lib/thumb/v7e-m+fp/hard/libc_nano.a
END GROUP
LOAD /usr/lib/gcc/arm-none-eabi/14.2.0/thumb/v7e-m+fp/hard/crtend.o
LOAD /usr/lib/gcc/arm-none-eabi/14.2.0/thumb/v7e-m+fp/hard/crtn.o
                0x20010000                        _estack = (ORIGIN (RAM) + LENGTH (RAM))
                0x00000200                        _Min_Heap_Size = 0x200
                0x00000400                        _Min_Stack_Size = 0x400

.isr_vector     0x08000000      0x190
                0x08000000                        . = ALIGN (0x8)
 *(.isr_vector)
 .isr_vector    0x08000000      0x18c build/debug/startup_stm32l431xx.o
                0x08000000                g_pfnVectors
                0x08000190                        . = ALIGN (0x8)
 *fill*         0x0800018c        0x4 

.text           0x08000190     0x3730
                0x08000190                        . = ALIGN (0x8)
 *(.text)
 *(.text*)
 .text.__do_global_dtors_aux
                0x08000190       0x24 /usr/lib/gcc/arm-none-eabi/14.2.0/thumb/v7e-m+fp/hard/crtbegin.o
 .text.frame_dummy
                0x080001b4       0x1c /usr/lib/gcc/arm-none-eabi/14.2.0/thumb/v7e-m+fp/hard/crtbegin.o
 .text.MX_ADC1_Init
                0x080001d0       0x84 build/debug/Core/Src/adc.o
                0x080001d0                MX_ADC1_Init
 .text.HAL_ADC_MspInit
                0x08000254       0x70 build/debug/Core/Src/adc.o
                0x08000254                HAL_ADC_MspInit
 .text.MX_DMA_Init
                0x080002c4       0x34 build/debug/Core/Src/dma.o
                0x080002c4                MX_DMA_Init
 .text.MX_GPIO_Init
                0x080002f8       0x84 build/debug/Core/Src/gpio.o
                0x080002f8                MX_GPIO_Init
 .text.GotSample
                0x0800037c       0x30 build/debug/Core/Src/main.o
                0x0800037c                GotSample
 .text.NewFrame
                0x080003ac       0x18 build/debug/Core/Src/main.o
                0x080003ac                NewFrame
 .text.Error_Handler
                0x080003c4        0x4 build/debug/Core/Src/main.o
                0x080003c4                Error_Handler
 .text.SystemClock_Config
                0x080003c8       0x7a build/debug/Core/Src/main.o
                0x080003c8                SystemClock_Config
 *fill*         0x08000442        0x2 
 .text.main     0x08000444       0x5c build/debug/Core/Src/main.o
                0x08000444                main
 .text.countones_byte
                0x080004a0        0xc build/debug/Core/Src/pdm.o
                0x080004a0                countones_byte
 .text.pdm_decode
                0x080004ac       0xcc build/debug/Core/Src/pdm.o
                0x080004ac                pdm_decode
 .text.rx_lower
                0x08000578       0x14 build/debug/Core/Src/pdm.o
                0x08000578                rx_lower
 .text.rx_upper
                0x0800058c       0x14 build/debug/Core/Src/pdm.o
                0x0800058c                rx_upper
 .text.pdm_start
                0x080005a0       0x84 build/debug/Core/Src/pdm.o
                0x080005a0                pdm_start
 .text.MX_SPI1_Init
                0x08000624       0x54 build/debug/Core/Src/spi.o
                0x08000624                MX_SPI1_Init
 .text.HAL_SPI_MspInit
                0x08000678       0xb0 build/debug/Core/Src/spi.o
                0x08000678                HAL_SPI_MspInit
 .text.HAL_MspInit
                0x08000728       0x30 build/debug/Core/Src/stm32l4xx_hal_msp.o
                0x08000728                HAL_MspInit
 .text.NMI_Handler
                0x08000758        0x2 build/debug/Core/Src/stm32l4xx_it.o
                0x08000758                NMI_Handler
 .text.HardFault_Handler
                0x0800075a        0x2 build/debug/Core/Src/stm32l4xx_it.o
                0x0800075a                HardFault_Handler
 .text.MemManage_Handler
                0x0800075c        0x2 build/debug/Core/Src/stm32l4xx_it.o
                0x0800075c                MemManage_Handler
 .text.BusFault_Handler
                0x0800075e        0x2 build/debug/Core/Src/stm32l4xx_it.o
                0x0800075e                BusFault_Handler
 .text.UsageFault_Handler
                0x08000760        0x2 build/debug/Core/Src/stm32l4xx_it.o
                0x08000760                UsageFault_Handler
 .text.SVC_Handler
                0x08000762        0x2 build/debug/Core/Src/stm32l4xx_it.o
                0x08000762                SVC_Handler
 .text.DebugMon_Handler
                0x08000764        0x2 build/debug/Core/Src/stm32l4xx_it.o
                0x08000764                DebugMon_Handler
 .text.PendSV_Handler
                0x08000766        0x2 build/debug/Core/Src/stm32l4xx_it.o
                0x08000766                PendSV_Handler
 .text.SysTick_Handler
                0x08000768        0x8 build/debug/Core/Src/stm32l4xx_it.o
                0x08000768                SysTick_Handler
 .text.DMA1_Channel2_IRQHandler
                0x08000770       0x10 build/debug/Core/Src/stm32l4xx_it.o
                0x08000770                DMA1_Channel2_IRQHandler
 .text.SPI1_IRQHandler
                0x08000780       0x10 build/debug/Core/Src/stm32l4xx_it.o
                0x08000780                SPI1_IRQHandler
 .text.SystemInit
                0x08000790       0x14 build/debug/Core/Src/system_stm32l4xx.o
                0x08000790                SystemInit
 .text.delay_0H
                0x080007a4       0x1c build/debug/Core/Src/ws2812.o
                0x080007a4                delay_0H
 .text.delay_L  0x080007c0       0x68 build/debug/Core/Src/ws2812.o
                0x080007c0                delay_L
 .text.delay_1H
                0x08000828       0x4c build/debug/Core/Src/ws2812.o
                0x08000828                delay_1H
 .text.InitWS2812
                0x08000874       0x14 build/debug/Core/Src/ws2812.o
                0x08000874                InitWS2812
 .text.SendWS2812
                0x08000888       0xa8 build/debug/Core/Src/ws2812.o
                0x08000888                SendWS2812
 .text.HAL_InitTick
                0x08000930       0x50 build/debug/Drivers/STM32L4xx_HAL_Driver/Src/stm32l4xx_hal.o
                0x08000930                HAL_InitTick
 .text.HAL_Init
                0x08000980       0x1e build/debug/Drivers/STM32L4xx_HAL_Driver/Src/stm32l4xx_hal.o
                0x08000980                HAL_Init
 *fill*         0x0800099e        0x2 
 .text.HAL_IncTick
                0x080009a0       0x18 build/debug/Drivers/STM32L4xx_HAL_Driver/Src/stm32l4xx_hal.o
                0x080009a0                HAL_IncTick
 .text.HAL_GetTick
                0x080009b8        0xc build/debug/Drivers/STM32L4xx_HAL_Driver/Src/stm32l4xx_hal.o
                0x080009b8                HAL_GetTick
 .text.HAL_Delay
                0x080009c4       0x28 build/debug/Drivers/STM32L4xx_HAL_Driver/Src/stm32l4xx_hal.o
                0x080009c4                HAL_Delay
 .text.LL_ADC_REG_SetSequencerRanks
                0x080009ec       0x30 build/debug/Drivers/STM32L4xx_HAL_Driver/Src/stm32l4xx_hal_adc.o
 .text.LL_ADC_SetChannelSamplingTime
                0x08000a1c       0x2c build/debug/Drivers/STM32L4xx_HAL_Driver/Src/stm32l4xx_hal_adc.o
 .text.HAL_ADC_Init
                0x08000a48      0x1c8 build/debug/Drivers/STM32L4xx_HAL_Driver/Src/stm32l4xx_hal_adc.o
                0x08000a48                HAL_ADC_Init
 .text.HAL_ADC_ConfigChannel
                0x08000c10      0x42c build/debug/Drivers/STM32L4xx_HAL_Driver/Src/stm32l4xx_hal_adc.o
                0x08000c10                HAL_ADC_ConfigChannel
 .text.__NVIC_EnableIRQ
                0x0800103c       0x1c build/debug/Drivers/STM32L4xx_HAL_Driver/Src/stm32l4xx_hal_cortex.o
 .text.__NVIC_SetPriority
                0x08001058       0x28 build/debug/Drivers/STM32L4xx_HAL_Driver/Src/stm32l4xx_hal_cortex.o
 .text.NVIC_EncodePriority
                0x08001080       0x3e build/debug/Drivers/STM32L4xx_HAL_Driver/Src/stm32l4xx_hal_cortex.o
 *fill*         0x080010be        0x2 
 .text.HAL_NVIC_SetPriorityGrouping
                0x080010c0       0x24 build/debug/Drivers/STM32L4xx_HAL_Driver/Src/stm32l4xx_hal_cortex.o
                0x080010c0                HAL_NVIC_SetPriorityGrouping
 .text.HAL_NVIC_SetPriority
                0x080010e4       0x20 build/debug/Drivers/STM32L4xx_HAL_Driver/Src/stm32l4xx_hal_cortex.o
                0x080010e4                HAL_NVIC_SetPriority
 .text.HAL_NVIC_EnableIRQ
                0x08001104        0x8 build/debug/Drivers/STM32L4xx_HAL_Driver/Src/stm32l4xx_hal_cortex.o
                0x08001104                HAL_NVIC_EnableIRQ
 .text.HAL_SYSTICK_Config
                0x0800110c       0x28 build/debug/Drivers/STM32L4xx_HAL_Driver/Src/stm32l4xx_hal_cortex.o
                0x0800110c                HAL_SYSTICK_Config
 .text.DMA_SetConfig
                0x08001134       0x32 build/debug/Drivers/STM32L4xx_HAL_Driver/Src/stm32l4xx_hal_dma.o
 *fill*         0x08001166        0x2 
 .text.HAL_DMA_Init
                0x08001168      0x104 build/debug/Drivers/STM32L4xx_HAL_Driver/Src/stm32l4xx_hal_dma.o
                0x08001168                HAL_DMA_Init
 .text.HAL_DMA_Start_IT
                0x0800126c       0x74 build/debug/Drivers/STM32L4xx_HAL_Driver/Src/stm32l4xx_hal_dma.o
                0x0800126c                HAL_DMA_Start_IT
 .text.HAL_DMA_Abort_IT
                0x080012e0       0x4e build/debug/Drivers/STM32L4xx_HAL_Driver/Src/stm32l4xx_hal_dma.o
                0x080012e0                HAL_DMA_Abort_IT
 .text.HAL_DMA_IRQHandler
                0x0800132e       0xc4 build/debug/Drivers/STM32L4xx_HAL_Driver/Src/stm32l4xx_hal_dma.o
                0x0800132e                HAL_DMA_IRQHandler
 *fill*         0x080013f2        0x2 
 .text.HAL_GPIO_Init
                0x080013f4      0x1c8 build/debug/Drivers/STM32L4xx_HAL_Driver/Src/stm32l4xx_hal_gpio.o
                0x080013f4                HAL_GPIO_Init
 .text.HAL_GPIO_WritePin
                0x080015bc        0xa build/debug/Drivers/STM32L4xx_HAL_Driver/Src/stm32l4xx_hal_gpio.o
                0x080015bc                HAL_GPIO_WritePin
 *fill*         0x080015c6        0x2 
 .text.HAL_PWREx_GetVoltageRange
                0x080015c8       0x10 build/debug/Drivers/STM32L4xx_HAL_Driver/Src/stm32l4xx_hal_pwr_ex.o
                0x080015c8                HAL_PWREx_GetVoltageRange
 .text.HAL_PWREx_ControlVoltageScaling
                0x080015d8       0x90 build/debug/Drivers/STM32L4xx_HAL_Driver/Src/stm32l4xx_hal_pwr_ex.o
                0x080015d8                HAL_PWREx_ControlVoltageScaling
 .text.RCC_SetFlashLatencyFromMSIRange
                0x08001668       0x90 build/debug/Drivers/STM32L4xx_HAL_Driver/Src/stm32l4xx_hal_rcc.o
 .text.HAL_RCC_GetSysClockFreq
                0x080016f8       0xa8 build/debug/Drivers/STM32L4xx_HAL_Driver/Src/stm32l4xx_hal_rcc.o
                0x080016f8                HAL_RCC_GetSysClockFreq
 .text.HAL_RCC_OscConfig
                0x080017a0      0x66c build/debug/Drivers/STM32L4xx_HAL_Driver/Src/stm32l4xx_hal_rcc.o
                0x080017a0                HAL_RCC_OscConfig
 .text.HAL_RCC_ClockConfig
                0x08001e0c      0x188 build/debug/Drivers/STM32L4xx_HAL_Driver/Src/stm32l4xx_hal_rcc.o
                0x08001e0c                HAL_RCC_ClockConfig
 .text.RCCEx_PLLSAI1_Config
                0x08001f94      0x170 build/debug/Drivers/STM32L4xx_HAL_Driver/Src/stm32l4xx_hal_rcc_ex.o
 .text.HAL_RCCEx_PeriphCLKConfig
                0x08002104      0x31c build/debug/Drivers/STM32L4xx_HAL_Driver/Src/stm32l4xx_hal_rcc_ex.o
                0x08002104                HAL_RCCEx_PeriphCLKConfig
 .text.HAL_SPI_TxCpltCallback
                0x08002420        0x2 build/debug/Drivers/STM32L4xx_HAL_Driver/Src/stm32l4xx_hal_spi.o
                0x08002420                HAL_SPI_TxCpltCallback
 .text.HAL_SPI_RxCpltCallback
                0x08002422        0x2 build/debug/Drivers/STM32L4xx_HAL_Driver/Src/stm32l4xx_hal_spi.o
                0x08002422                HAL_SPI_RxCpltCallback
 .text.HAL_SPI_TxRxCpltCallback
                0x08002424        0x2 build/debug/Drivers/STM32L4xx_HAL_Driver/Src/stm32l4xx_hal_spi.o
                0x08002424                HAL_SPI_TxRxCpltCallback
 .text.HAL_SPI_TxHalfCpltCallback
                0x08002426        0x2 build/debug/Drivers/STM32L4xx_HAL_Driver/Src/stm32l4xx_hal_spi.o
                0x08002426                HAL_SPI_TxHalfCpltCallback
 .text.HAL_SPI_RxHalfCpltCallback
                0x08002428        0x2 build/debug/Drivers/STM32L4xx_HAL_Driver/Src/stm32l4xx_hal_spi.o
                0x08002428                HAL_SPI_RxHalfCpltCallback
 .text.HAL_SPI_TxRxHalfCpltCallback
                0x0800242a        0x2 build/debug/Drivers/STM32L4xx_HAL_Driver/Src/stm32l4xx_hal_spi.o
                0x0800242a                HAL_SPI_TxRxHalfCpltCallback
 .text.HAL_SPI_ErrorCallback
                0x0800242c        0x2 build/debug/Drivers/STM32L4xx_HAL_Driver/Src/stm32l4xx_hal_spi.o
                0x0800242c                HAL_SPI_ErrorCallback
 .text.HAL_SPI_AbortCpltCallback
                0x0800242e        0x2 build/debug/Drivers/STM32L4xx_HAL_Driver/Src/stm32l4xx_hal_spi.o
                0x0800242e                HAL_SPI_AbortCpltCallback
 .text.SPI_DMAHalfReceiveCplt
                0x08002430        0xa build/debug/Drivers/STM32L4xx_HAL_Driver/Src/stm32l4xx_hal_spi.o
 .text.SPI_DMAHalfTransmitReceiveCplt
                0x0800243a        0xa build/debug/Drivers/STM32L4xx_HAL_Driver/Src/stm32l4xx_hal_spi.o
 .text.SPI_DMAError
                0x08002444       0x22 build/debug/Drivers/STM32L4xx_HAL_Driver/Src/stm32l4xx_hal_spi.o
 .text.SPI_DMAAbortOnError
                0x08002466       0x12 build/debug/Drivers/STM32L4xx_HAL_Driver/Src/stm32l4xx_hal_spi.o
 .text.SPI_WaitFlagStateUntilTimeout
                0x08002478       0xc8 build/debug/Drivers/STM32L4xx_HAL_Driver/Src/stm32l4xx_hal_spi.o
 .text.SPI_WaitFifoStateUntilTimeout
                0x08002540       0xf0 build/debug/Drivers/STM32L4xx_HAL_Driver/Src/stm32l4xx_hal_spi.o
 .text.SPI_EndRxTxTransaction
                0x08002630       0x62 build/debug/Drivers/STM32L4xx_HAL_Driver/Src/stm32l4xx_hal_spi.o
 .text.SPI_EndRxTransaction
                0x08002692       0x82 build/debug/Drivers/STM32L4xx_HAL_Driver/Src/stm32l4xx_hal_spi.o
 .text.SPI_DMAReceiveCplt
                0x08002714       0x70 build/debug/Drivers/STM32L4xx_HAL_Driver/Src/stm32l4xx_hal_spi.o
 .text.SPI_DMATransmitReceiveCplt
                0x08002784       0x60 build/debug/Drivers/STM32L4xx_HAL_Driver/Src/stm32l4xx_hal_spi.o
 .text.HAL_SPI_Init
                0x080027e4      0x134 build/debug/Drivers/STM32L4xx_HAL_Driver/Src/stm32l4xx_hal_spi.o
                0x080027e4                HAL_SPI_Init
 .text.HAL_SPI_RegisterCallback
                0x08002918       0xd0 build/debug/Drivers/STM32L4xx_HAL_Driver/Src/stm32l4xx_hal_spi.o
                0x08002918                HAL_SPI_RegisterCallback
 .text.HAL_SPI_TransmitReceive_DMA
                0x080029e8      0x218 build/debug/Drivers/STM32L4xx_HAL_Driver/Src/stm32l4xx_hal_spi.o
                0x080029e8                HAL_SPI_TransmitReceive_DMA
 .text.HAL_SPI_Receive_DMA
                0x08002c00      0x180 build/debug/Drivers/STM32L4xx_HAL_Driver/Src/stm32l4xx_hal_spi.o
                0x08002c00                HAL_SPI_Receive_DMA
 .text.HAL_SPI_IRQHandler
                0x08002d80      0x124 build/debug/Drivers/STM32L4xx_HAL_Driver/Src/stm32l4xx_hal_spi.o
                0x08002d80                HAL_SPI_IRQHandler
 .text.HandleInt
                0x08002ea4       0xe0 build/debug/colorchord/DFT32.o
 .text.UpdateOutputBins32
                0x08002f84       0x64 build/debug/colorchord/DFT32.o
                0x08002f84                UpdateOutputBins32
 .text.SetupDFTProgressive32
                0x08002fe8       0x44 build/debug/colorchord/DFT32.o
                0x08002fe8                SetupDFTProgressive32
 .text.UpdateBins32
                0x0800302c       0x28 build/debug/colorchord/DFT32.o
                0x0800302c                UpdateBins32
 .text.PushSample32
                0x08003054       0x10 build/debug/colorchord/DFT32.o
                0x08003054                PushSample32
 .text.UpdateFreqs
                0x08003064       0x10 build/debug/colorchord/embeddednf.o
                0x08003064                UpdateFreqs
 .text.InitColorChord
                0x08003074       0x54 build/debug/colorchord/embeddednf.o
                0x08003074                InitColorChord
 .text.HandleFrameInfo
                0x080030c8      0x388 build/debug/colorchord/embeddednf.o
                0x080030c8                HandleFrameInfo
 .text.EHSVtoHEX
                0x08003450      0x134 build/debug/colorchord/embeddedout.o
                0x08003450                EHSVtoHEX
 .text.ECCtoHEX
                0x08003584       0x60 build/debug/colorchord/embeddedout.o
                0x08003584                ECCtoHEX
 .text.UpdateLinearLEDs
                0x080035e4      0x218 build/debug/colorchord/embeddedout.o
                0x080035e4                UpdateLinearLEDs
 .text.Reset_Handler
                0x080037fc       0x50 build/debug/startup_stm32l431xx.o
                0x080037fc                Reset_Handler
 .text.Default_Handler
                0x0800384c        0x2 build/debug/startup_stm32l431xx.o
                0x0800384c                RTC_Alarm_IRQHandler
                0x0800384c                EXTI2_IRQHandler
                0x0800384c                TIM1_CC_IRQHandler
                0x0800384c                TSC_IRQHandler
                0x0800384c                TAMP_STAMP_IRQHandler
                0x0800384c                EXTI3_IRQHandler
                0x0800384c                LPTIM2_IRQHandler
                0x0800384c                I2C3_ER_IRQHandler
                0x0800384c                EXTI0_IRQHandler
                0x0800384c                I2C2_EV_IRQHandler
                0x0800384c                CAN1_RX0_IRQHandler
                0x0800384c                FPU_IRQHandler
                0x0800384c                TIM1_UP_TIM16_IRQHandler
                0x0800384c                TIM6_DAC_IRQHandler
                0x0800384c                DMA2_Channel2_IRQHandler
                0x0800384c                DMA1_Channel4_IRQHandler
                0x0800384c                ADC1_IRQHandler
                0x0800384c                USART3_IRQHandler
                0x0800384c                DMA1_Channel7_IRQHandler
                0x0800384c                CAN1_RX1_IRQHandler
                0x0800384c                DMA2_Channel1_IRQHandler
                0x0800384c                QUADSPI_IRQHandler
                0x0800384c                I2C1_EV_IRQHandler
                0x0800384c                DMA1_Channel6_IRQHandler
                0x0800384c                DMA2_Channel4_IRQHandler
                0x0800384c                RCC_IRQHandler
                0x0800384c                TIM1_TRG_COM_IRQHandler
                0x0800384c                DMA1_Channel1_IRQHandler
                0x0800384c                Default_Handler
                0x0800384c                DMA2_Channel7_IRQHandler
                0x0800384c                EXTI15_10_IRQHandler
                0x0800384c                TIM7_IRQHandler
                0x0800384c                SDMMC1_IRQHandler
                0x0800384c                I2C3_EV_IRQHandler
                0x0800384c                EXTI9_5_IRQHandler
                0x0800384c                RTC_WKUP_IRQHandler
                0x0800384c                PVD_PVM_IRQHandler
                0x0800384c                SPI2_IRQHandler
                0x0800384c                CAN1_TX_IRQHandler
                0x0800384c                DMA2_Channel5_IRQHandler
                0x0800384c                CRS_IRQHandler
                0x0800384c                DMA1_Channel5_IRQHandler
                0x0800384c                EXTI4_IRQHandler
                0x0800384c                RNG_IRQHandler
                0x0800384c                DMA1_Channel3_IRQHandler
                0x0800384c                COMP_IRQHandler
                0x0800384c                WWDG_IRQHandler
                0x0800384c                LPUART1_IRQHandler
                0x0800384c                DMA2_Channel6_IRQHandler
                0x0800384c                TIM2_IRQHandler
                0x0800384c                EXTI1_IRQHandler
                0x0800384c                USART2_IRQHandler
                0x0800384c                I2C2_ER_IRQHandler
                0x0800384c                CAN1_SCE_IRQHandler
                0x0800384c                FLASH_IRQHandler
                0x0800384c                USART1_IRQHandler
                0x0800384c                SPI3_IRQHandler
                0x0800384c                I2C1_ER_IRQHandler
                0x0800384c                SWPMI1_IRQHandler
                0x0800384c                LPTIM1_IRQHandler
                0x0800384c                SAI1_IRQHandler
                0x0800384c                DMA2_Channel3_IRQHandler
                0x0800384c                TIM1_BRK_TIM15_IRQHandler
 .text.memset   0x0800384e       0x10 /usr/lib/gcc/arm-none-eabi/14.2.0/../../../../arm-none-eabi/lib/thumb/v7e-m+fp/hard/libc_nano.a(libc_a-memset.o)
                0x0800384e                memset
 *fill*         0x0800385e        0x2 
 .text.__libc_init_array
                0x08003860       0x48 /usr/lib/gcc/arm-none-eabi/14.2.0/../../../../arm-none-eabi/lib/thumb/v7e-m+fp/hard/libc_nano.a(libc_a-init.o)
                0x08003860                __libc_init_array
 *(.glue_7)
 .glue_7        0x080038a8        0x0 linker stubs
 *(.glue_7t)
 .glue_7t       0x080038a8        0x0 linker stubs
 *(.eh_frame)
 .eh_frame      0x080038a8        0x0 /usr/lib/gcc/arm-none-eabi/14.2.0/thumb/v7e-m+fp/hard/crtbegin.o
 *(.init)
 .init          0x080038a8        0x4 /usr/lib/gcc/arm-none-eabi/14.2.0/thumb/v7e-m+fp/hard/crti.o
                0x080038a8                _init
 .init          0x080038ac        0x8 /usr/lib/gcc/arm-none-eabi/14.2.0/thumb/v7e-m+fp/hard/crtn.o
 *(.fini)
 .fini          0x080038b4        0x4 /usr/lib/gcc/arm-none-eabi/14.2.0/thumb/v7e-m+fp/hard/crti.o
                0x080038b4                _fini
 .fini          0x080038b8        0x8 /usr/lib/gcc/arm-none-eabi/14.2.0/thumb/v7e-m+fp/hard/crtn.o
                0x080038c0                        . = ALIGN (0x8)
                0x080038c0                        _etext = .

.vfp11_veneer   0x080038c0        0x0
 .vfp11_veneer  0x080038c0        0x0 linker stubs

.v4_bx          0x080038c0        0x0
 .v4_bx         0x080038c0        0x0 linker stubs

.iplt           0x080038c0        0x0
 .iplt          0x080038c0        0x0 /usr/lib/gcc/arm-none-eabi/14.2.0/thumb/v7e-m+fp/hard/crtbegin.o

.rodata         0x080038c0      0x270
                0x080038c0                        . = ALIGN (0x8)
 *(.rodata)
 *(.rodata*)
 .rodata.MSIRangeTable
                0x080038c0       0x30 build/debug/Core/Src/system_stm32l4xx.o
                0x080038c0                MSIRangeTable
 .rodata.AHBPrescTable
                0x080038f0       0x10 build/debug/Core/Src/system_stm32l4xx.o
                0x080038f0                AHBPrescTable
 .rodata.Ssinonlytable
                0x08003900      0x200 build/debug/colorchord/DFT32.o
                0x08003900                Ssinonlytable
 .rodata.fbins.0
                0x08003b00       0x30 build/debug/colorchord/embeddednf.o
                0x08003b30                        . = ALIGN (0x8)

.rel.dyn        0x08003b30        0x0
 .rel.iplt      0x08003b30        0x0 /usr/lib/gcc/arm-none-eabi/14.2.0/thumb/v7e-m+fp/hard/crtbegin.o

.ARM.extab      0x08003b30        0x0
                0x08003b30                        . = ALIGN (0x8)
 *(.ARM.extab* .gnu.linkonce.armextab.*)
                0x08003b30                        . = ALIGN (0x8)

.ARM            0x08003b30        0x0
                0x08003b30                        . = ALIGN (0x8)
                0x08003b30                        __exidx_start = .
 *(.ARM.exidx*)
                0x08003b30                        __exidx_end = .
                0x08003b30                        . = ALIGN (0x8)

.preinit_array  0x08003b30        0x0
                0x08003b30                        . = ALIGN (0x8)
                0x08003b30                        PROVIDE (__preinit_array_start = .)
 *(.preinit_array*)
                0x08003b30                        PROVIDE (__preinit_array_end = .)
                0x08003b30                        . = ALIGN (0x8)

.init_array     0x08003b30        0x8
                0x08003b30                        . = ALIGN (0x8)
                0x08003b30                        PROVIDE (__init_array_start = .)
 *(SORT_BY_NAME(.init_array.*))
 *(.init_array*)
 .init_array    0x08003b30        0x4 /usr/lib/gcc/arm-none-eabi/14.2.0/thumb/v7e-m+fp/hard/crtbegin.o
                0x08003b34                        PROVIDE (__init_array_end = .)
                0x08003b38                        . = ALIGN (0x8)
 *fill*         0x08003b34        0x4 

.fini_array     0x08003b38        0x8
                0x08003b38                        . = ALIGN (0x8)
                0x08003b38                        PROVIDE (__fini_array_start = .)
 *(SORT_BY_NAME(.fini_array.*))
 *(.fini_array*)
 .fini_array    0x08003b38        0x4 /usr/lib/gcc/arm-none-eabi/14.2.0/thumb/v7e-m+fp/hard/crtbegin.o
                0x08003b3c                        PROVIDE (__fini_array_end = .)
                0x08003b40                        . = ALIGN (0x8)
 *fill*         0x08003b3c        0x4 
                0x08003b40                        _sidata = LOADADDR (.data)

.data           0x20000000       0x10 load address 0x08003b40
                0x20000000                        . = ALIGN (0x8)
                0x20000000                        _sdata = .
 *(.data)
 *(.data*)
 .data.SystemCoreClock
                0x20000000        0x4 build/debug/Core/Src/system_stm32l4xx.o
                0x20000000                SystemCoreClock
 .data.uwTickFreq
                0x20000004        0x1 build/debug/Drivers/STM32L4xx_HAL_Driver/Src/stm32l4xx_hal.o
                0x20000004                uwTickFreq
 *fill*         0x20000005        0x3 
 .data.uwTickPrio
                0x20000008        0x4 build/debug/Drivers/STM32L4xx_HAL_Driver/Src/stm32l4xx_hal.o
                0x20000008                uwTickPrio
                0x20000010                        . = ALIGN (0x8)
 *fill*         0x2000000c        0x4 
                0x20000010                        _edata = .

.igot.plt       0x20000010        0x0 load address 0x08003b50
 .igot.plt      0x20000010        0x0 /usr/lib/gcc/arm-none-eabi/14.2.0/thumb/v7e-m+fp/hard/crtbegin.o
                0x20000010                        . = ALIGN (0x4)

.bss            0x20000010     0x14d4 load address 0x08003b50
                0x20000010                        _sbss = .
                0x20000010                        __bss_start__ = _sbss
 *(.bss)
 *(.bss*)
 .bss.completed.1
                0x20000010        0x1 /usr/lib/gcc/arm-none-eabi/14.2.0/thumb/v7e-m+fp/hard/crtbegin.o
 *fill*         0x20000011        0x3 
 .bss.object.0  0x20000014       0x18 /usr/lib/gcc/arm-none-eabi/14.2.0/thumb/v7e-m+fp/hard/crtbegin.o
 .bss.hadc1     0x2000002c       0x64 build/debug/Core/Src/adc.o
                0x2000002c                hadc1
 .bss.samples   0x20000090        0x4 build/debug/Core/Src/main.o
                0x20000090                samples
 .bss.sampbuff  0x20000094      0x200 build/debug/Core/Src/main.o
                0x20000094                sampbuff
 .bss.last_samp_pos
                0x20000294        0x4 build/debug/Core/Src/main.o
                0x20000294                last_samp_pos
 .bss.ones_table
                0x20000298      0x100 build/debug/Core/Src/pdm.o
                0x20000298                ones_table
 .bss.filtered_value
                0x20000398        0x4 build/debug/Core/Src/pdm.o
                0x20000398                filtered_value
 .bss.err_counter
                0x2000039c        0x4 build/debug/Core/Src/pdm.o
                0x2000039c                err_counter
 .bss.sample_counter
                0x200003a0        0x4 build/debug/Core/Src/pdm.o
                0x200003a0                sample_counter
 .bss.spi_buffer
                0x200003a4      0x400 build/debug/Core/Src/pdm.o
                0x200003a4                spi_buffer
 .bss.hdma_spi1_rx
                0x200007a4       0x48 build/debug/Core/Src/spi.o
                0x200007a4                hdma_spi1_rx
 .bss.hspi1     0x200007ec       0x8c build/debug/Core/Src/spi.o
                0x200007ec                hspi1
 .bss.dither_value
                0x20000878        0x2 build/debug/Core/Src/ws2812.o
                0x20000878                dither_value
 *fill*         0x2000087a        0x2 
 .bss.uwTick    0x2000087c        0x4 build/debug/Drivers/STM32L4xx_HAL_Driver/Src/stm32l4xx_hal.o
                0x2000087c                uwTick
 .bss.Swhichoctaveplace
                0x20000880        0x1 build/debug/colorchord/DFT32.o
 *fill*         0x20000881        0x3 
 .bss.Saccum_octavebins
                0x20000884       0x14 build/debug/colorchord/DFT32.o
 .bss.Sdo_this_octave
                0x20000898       0x20 build/debug/colorchord/DFT32.o
 .bss.Sdatspace32BOut
                0x200008b8      0x3c0 build/debug/colorchord/DFT32.o
                0x200008b8                Sdatspace32BOut
 .bss.Sdatspace32B
                0x20000c78      0x3c0 build/debug/colorchord/DFT32.o
                0x20000c78                Sdatspace32B
 .bss.Sdatspace32A
                0x20001038      0x1e0 build/debug/colorchord/DFT32.o
                0x20001038                Sdatspace32A
 .bss.Sdonefirstrun
                0x20001218        0x1 build/debug/colorchord/DFT32.o
 *fill*         0x20001219        0x3 
 .bss.embeddedbins32
                0x2000121c       0xf0 build/debug/colorchord/DFT32.o
                0x2000121c                embeddedbins32
 .bss.note_jumped_to
                0x2000130c        0xc build/debug/colorchord/embeddednf.o
                0x2000130c                note_jumped_to
 .bss.note_peak_amps2
                0x20001318       0x18 build/debug/colorchord/embeddednf.o
                0x20001318                note_peak_amps2
 .bss.note_peak_amps
                0x20001330       0x18 build/debug/colorchord/embeddednf.o
                0x20001330                note_peak_amps
 .bss.note_peak_freqs
                0x20001348        0xc build/debug/colorchord/embeddednf.o
                0x20001348                note_peak_freqs
 .bss.fuzzed_bins
                0x20001354       0xf0 build/debug/colorchord/embeddednf.o
                0x20001354                fuzzed_bins
 .bss.folded_bins
                0x20001444       0x30 build/debug/colorchord/embeddednf.o
                0x20001444                folded_bins
 .bss.RootNoteOffset
                0x20001474        0x1 build/debug/colorchord/embeddedout.o
                0x20001474                RootNoteOffset
 *fill*         0x20001475        0x3 
 .bss.ledFreqOutOld
                0x20001478        0xe build/debug/colorchord/embeddedout.o
                0x20001478                ledFreqOutOld
 *fill*         0x20001486        0x2 
 .bss.ledFreqOut
                0x20001488        0xe build/debug/colorchord/embeddedout.o
                0x20001488                ledFreqOut
 *fill*         0x20001496        0x2 
 .bss.ledAmpOut
                0x20001498       0x1c build/debug/colorchord/embeddedout.o
                0x20001498                ledAmpOut
 .bss.ledSpin   0x200014b4        0x2 build/debug/colorchord/embeddedout.o
                0x200014b4                ledSpin
 *fill*         0x200014b6        0x2 
 .bss.ledOut    0x200014b8       0x2a build/debug/colorchord/embeddedout.o
                0x200014b8                ledOut
 *(COMMON)
                0x200014e4                        . = ALIGN (0x4)
 *fill*         0x200014e2        0x2 
                0x200014e4                        _ebss = .
                0x200014e4                        __bss_end__ = _ebss

._user_heap_stack
                0x200014e4      0x604 load address 0x08003b50
                0x200014e8                        . = ALIGN (0x8)
 *fill*         0x200014e4        0x4 
                0x200014e8                        PROVIDE (end = .)
                [!provide]                        PROVIDE (_end = .)
                0x200016e8                        . = (. + _Min_Heap_Size)
 *fill*         0x200014e8      0x200 
                0x20001ae8                        . = (. + _Min_Stack_Size)
 *fill*         0x200016e8      0x400 
                0x20001ae8                        . = ALIGN (0x8)

/DISCARD/
 libc.a(*)
 libm.a(*)
 libgcc.a(*)

.ARM.attributes
                0x00000000       0x30
 *(.ARM.attributes)
 .ARM.attributes
                0x00000000       0x22 /usr/lib/gcc/arm-none-eabi/14.2.0/thumb/v7e-m+fp/hard/crti.o
 .ARM.attributes
                0x00000022       0x34 /usr/lib/gcc/arm-none-eabi/14.2.0/thumb/v7e-m+fp/hard/crtbegin.o
 .ARM.attributes
                0x00000056       0x34 build/debug/Core/Src/adc.o
 .ARM.attributes
                0x0000008a       0x34 build/debug/Core/Src/dma.o
 .ARM.attributes
                0x000000be       0x34 build/debug/Core/Src/gpio.o
 .ARM.attributes
                0x000000f2       0x34 build/debug/Core/Src/main.o
 .ARM.attributes
                0x00000126       0x34 build/debug/Core/Src/pdm.o
 .ARM.attributes
                0x0000015a       0x34 build/debug/Core/Src/spi.o
 .ARM.attributes
                0x0000018e       0x34 build/debug/Core/Src/stm32l4xx_hal_msp.o
 .ARM.attributes
                0x000001c2       0x34 build/debug/Core/Src/stm32l4xx_it.o
 .ARM.attributes
                0x000001f6       0x34 build/debug/Core/Src/system_stm32l4xx.o
 .ARM.attributes
                0x0000022a       0x34 build/debug/Core/Src/ws2812.o
 .ARM.attributes
                0x0000025e       0x34 build/debug/Drivers/STM32L4xx_HAL_Driver/Src/stm32l4xx_hal.o
 .ARM.attributes
                0x00000292       0x34 build/debug/Drivers/STM32L4xx_HAL_Driver/Src/stm32l4xx_hal_adc.o
 .ARM.attributes
                0x000002c6       0x34 build/debug/Drivers/STM32L4xx_HAL_Driver/Src/stm32l4xx_hal_cortex.o
 .ARM.attributes
                0x000002fa       0x34 build/debug/Drivers/STM32L4xx_HAL_Driver/Src/stm32l4xx_hal_dma.o
 .ARM.attributes
                0x0000032e       0x34 build/debug/Drivers/STM32L4xx_HAL_Driver/Src/stm32l4xx_hal_gpio.o
 .ARM.attributes
                0x00000362       0x34 build/debug/Drivers/STM32L4xx_HAL_Driver/Src/stm32l4xx_hal_pwr_ex.o
 .ARM.attributes
                0x00000396       0x34 build/debug/Drivers/STM32L4xx_HAL_Driver/Src/stm32l4xx_hal_rcc.o
 .ARM.attributes
                0x000003ca       0x34 build/debug/Drivers/STM32L4xx_HAL_Driver/Src/stm32l4xx_hal_rcc_ex.o
 .ARM.attributes
                0x000003fe       0x34 build/debug/Drivers/STM32L4xx_HAL_Driver/Src/stm32l4xx_hal_spi.o
 .ARM.attributes
                0x00000432       0x34 build/debug/colorchord/DFT32.o
 .ARM.attributes
                0x00000466       0x34 build/debug/colorchord/embeddednf.o
 .ARM.attributes
                0x0000049a       0x34 build/debug/colorchord/embeddedout.o
 .ARM.attributes
                0x000004ce       0x21 build/debug/startup_stm32l431xx.o
 .ARM.attributes
                0x000004ef       0x34 /usr/lib/gcc/arm-none-eabi/14.2.0/../../../../arm-none-eabi/lib/thumb/v7e-m+fp/hard/libc_nano.a(libc_a-memset.o)
 .ARM.attributes
                0x00000523       0x34 /usr/lib/gcc/arm-none-eabi/14.2.0/../../../../arm-none-eabi/lib/thumb/v7e-m+fp/hard/libc_nano.a(libc_a-init.o)
 .ARM.attributes
                0x00000557       0x22 /usr/lib/gcc/arm-none-eabi/14.2.0/thumb/v7e-m+fp/hard/crtn.o
OUTPUT(build/cc-ring-fw.elf elf32-littlearm)
LOAD linker stubs
LOAD /usr/lib/gcc/arm-none-eabi/14.2.0/../../../../arm-none-eabi/lib/thumb/v7e-m+fp/hard/libc.a
LOAD /usr/lib/gcc/arm-none-eabi/14.2.0/../../../../arm-none-eabi/lib/thumb/v7e-m+fp/hard/libm.a
LOAD /usr/lib/gcc/arm-none-eabi/14.2.0/thumb/v7e-m+fp/hard/libgcc.a

.debug_info     0x00000000     0xfc9f
 .debug_info    0x00000000      0xc97 build/debug/Core/Src/adc.o
 .debug_info    0x00000c97      0x4d5 build/debug/Core/Src/dma.o
 .debug_info    0x0000116c      0x4ab build/debug/Core/Src/gpio.o
 .debug_info    0x00001617      0x56c build/debug/Core/Src/main.o
 .debug_info    0x00001b83      0x9a6 build/debug/Core/Src/pdm.o
 .debug_info    0x00002529      0xd2d build/debug/Core/Src/spi.o
 .debug_info    0x00003256      0x2c1 build/debug/Core/Src/stm32l4xx_hal_msp.o
 .debug_info    0x00003517      0x70a build/debug/Core/Src/stm32l4xx_it.o
 .debug_info    0x00003c21      0x5d9 build/debug/Core/Src/system_stm32l4xx.o
 .debug_info    0x000041fa      0x360 build/debug/Core/Src/ws2812.o
 .debug_info    0x0000455a      0xb4e build/debug/Drivers/STM32L4xx_HAL_Driver/Src/stm32l4xx_hal.o
 .debug_info    0x000050a8     0x2f96 build/debug/Drivers/STM32L4xx_HAL_Driver/Src/stm32l4xx_hal_adc.o
 .debug_info    0x0000803e      0xf84 build/debug/Drivers/STM32L4xx_HAL_Driver/Src/stm32l4xx_hal_cortex.o
 .debug_info    0x00008fc2      0x814 build/debug/Drivers/STM32L4xx_HAL_Driver/Src/stm32l4xx_hal_dma.o
 .debug_info    0x000097d6      0x789 build/debug/Drivers/STM32L4xx_HAL_Driver/Src/stm32l4xx_hal_gpio.o
 .debug_info    0x00009f5f      0x962 build/debug/Drivers/STM32L4xx_HAL_Driver/Src/stm32l4xx_hal_pwr_ex.o
 .debug_info    0x0000a8c1      0xe58 build/debug/Drivers/STM32L4xx_HAL_Driver/Src/stm32l4xx_hal_rcc.o
 .debug_info    0x0000b719     0x11db build/debug/Drivers/STM32L4xx_HAL_Driver/Src/stm32l4xx_hal_rcc_ex.o
 .debug_info    0x0000c8f4     0x20b3 build/debug/Drivers/STM32L4xx_HAL_Driver/Src/stm32l4xx_hal_spi.o
 .debug_info    0x0000e9a7      0x4a0 build/debug/colorchord/DFT32.o
 .debug_info    0x0000ee47      0x68a build/debug/colorchord/embeddednf.o
 .debug_info    0x0000f4d1      0x5b3 build/debug/colorchord/embeddedout.o
 .debug_info    0x0000fa84       0x30 build/debug/startup_stm32l431xx.o
 .debug_info    0x0000fab4       0xe0 /usr/lib/gcc/arm-none-eabi/14.2.0/../../../../arm-none-eabi/lib/thumb/v7e-m+fp/hard/libc_nano.a(libc_a-memset.o)
 .debug_info    0x0000fb94      0x10b /usr/lib/gcc/arm-none-eabi/14.2.0/../../../../arm-none-eabi/lib/thumb/v7e-m+fp/hard/libc_nano.a(libc_a-init.o)

.debug_abbrev   0x00000000     0x2ec4
 .debug_abbrev  0x00000000      0x1fa build/debug/Core/Src/adc.o
 .debug_abbrev  0x000001fa      0x119 build/debug/Core/Src/dma.o
 .debug_abbrev  0x00000313      0x164 build/debug/Core/Src/gpio.o
 .debug_abbrev  0x00000477      0x259 build/debug/Core/Src/main.o
 .debug_abbrev  0x000006d0      0x25b build/debug/Core/Src/pdm.o
 .debug_abbrev  0x0000092b      0x232 build/debug/Core/Src/spi.o
 .debug_abbrev  0x00000b5d       0xc4 build/debug/Core/Src/stm32l4xx_hal_msp.o
 .debug_abbrev  0x00000c21      0x193 build/debug/Core/Src/stm32l4xx_it.o
 .debug_abbrev  0x00000db4      0x11e build/debug/Core/Src/system_stm32l4xx.o
 .debug_abbrev  0x00000ed2      0x1d9 build/debug/Core/Src/ws2812.o
 .debug_abbrev  0x000010ab      0x267 build/debug/Drivers/STM32L4xx_HAL_Driver/Src/stm32l4xx_hal.o
 .debug_abbrev  0x00001312      0x31c build/debug/Drivers/STM32L4xx_HAL_Driver/Src/stm32l4xx_hal_adc.o
 .debug_abbrev  0x0000162e      0x390 build/debug/Drivers/STM32L4xx_HAL_Driver/Src/stm32l4xx_hal_cortex.o
 .debug_abbrev  0x000019be      0x21d build/debug/Drivers/STM32L4xx_HAL_Driver/Src/stm32l4xx_hal_dma.o
 .debug_abbrev  0x00001bdb      0x1f9 build/debug/Drivers/STM32L4xx_HAL_Driver/Src/stm32l4xx_hal_gpio.o
 .debug_abbrev  0x00001dd4      0x215 build/debug/Drivers/STM32L4xx_HAL_Driver/Src/stm32l4xx_hal_pwr_ex.o
 .debug_abbrev  0x00001fe9      0x2ab build/debug/Drivers/STM32L4xx_HAL_Driver/Src/stm32l4xx_hal_rcc.o
 .debug_abbrev  0x00002294      0x2a8 build/debug/Drivers/STM32L4xx_HAL_Driver/Src/stm32l4xx_hal_rcc_ex.o
 .debug_abbrev  0x0000253c      0x295 build/debug/Drivers/STM32L4xx_HAL_Driver/Src/stm32l4xx_hal_spi.o
 .debug_abbrev  0x000027d1      0x1cf build/debug/colorchord/DFT32.o
 .debug_abbrev  0x000029a0      0x1d2 build/debug/colorchord/embeddednf.o
 .debug_abbrev  0x00002b72      0x1c7 build/debug/colorchord/embeddedout.o
 .debug_abbrev  0x00002d39       0x24 build/debug/startup_stm32l431xx.o
 .debug_abbrev  0x00002d5d       0x9e /usr/lib/gcc/arm-none-eabi/14.2.0/../../../../arm-none-eabi/lib/thumb/v7e-m+fp/hard/libc_nano.a(libc_a-memset.o)
 .debug_abbrev  0x00002dfb       0xc9 /usr/lib/gcc/arm-none-eabi/14.2.0/../../../../arm-none-eabi/lib/thumb/v7e-m+fp/hard/libc_nano.a(libc_a-init.o)

.debug_loclists
                0x00000000     0x6e2a
 .debug_loclists
                0x00000000       0x20 build/debug/Core/Src/adc.o
 .debug_loclists
                0x00000020       0x4e build/debug/Core/Src/main.o
 .debug_loclists
                0x0000006e      0x16a build/debug/Core/Src/pdm.o
 .debug_loclists
                0x000001d8       0x5c build/debug/Core/Src/spi.o
 .debug_loclists
                0x00000234       0xae build/debug/Core/Src/system_stm32l4xx.o
 .debug_loclists
                0x000002e2      0x1af build/debug/Core/Src/ws2812.o
 .debug_loclists
                0x00000491      0x14d build/debug/Drivers/STM32L4xx_HAL_Driver/Src/stm32l4xx_hal.o
 .debug_loclists
                0x000005de     0x1708 build/debug/Drivers/STM32L4xx_HAL_Driver/Src/stm32l4xx_hal_adc.o
 .debug_loclists
                0x00001ce6      0x54d build/debug/Drivers/STM32L4xx_HAL_Driver/Src/stm32l4xx_hal_cortex.o
 .debug_loclists
                0x00002233      0x5a0 build/debug/Drivers/STM32L4xx_HAL_Driver/Src/stm32l4xx_hal_dma.o
 .debug_loclists
                0x000027d3      0x291 build/debug/Drivers/STM32L4xx_HAL_Driver/Src/stm32l4xx_hal_gpio.o
 .debug_loclists
                0x00002a64      0x59a build/debug/Drivers/STM32L4xx_HAL_Driver/Src/stm32l4xx_hal_pwr_ex.o
 .debug_loclists
                0x00002ffe      0x57a build/debug/Drivers/STM32L4xx_HAL_Driver/Src/stm32l4xx_hal_rcc.o
 .debug_loclists
                0x00003578     0x109a build/debug/Drivers/STM32L4xx_HAL_Driver/Src/stm32l4xx_hal_rcc_ex.o
 .debug_loclists
                0x00004612     0x1829 build/debug/Drivers/STM32L4xx_HAL_Driver/Src/stm32l4xx_hal_spi.o
 .debug_loclists
                0x00005e3b      0x2f3 build/debug/colorchord/DFT32.o
 .debug_loclists
                0x0000612e      0x52e build/debug/colorchord/embeddednf.o
 .debug_loclists
                0x0000665c      0x72d build/debug/colorchord/embeddedout.o
 .debug_loclists
                0x00006d89       0x4d /usr/lib/gcc/arm-none-eabi/14.2.0/../../../../arm-none-eabi/lib/thumb/v7e-m+fp/hard/libc_nano.a(libc_a-memset.o)
 .debug_loclists
                0x00006dd6       0x54 /usr/lib/gcc/arm-none-eabi/14.2.0/../../../../arm-none-eabi/lib/thumb/v7e-m+fp/hard/libc_nano.a(libc_a-init.o)

.debug_aranges  0x00000000      0xb98
 .debug_aranges
                0x00000000       0x30 build/debug/Core/Src/adc.o
 .debug_aranges
                0x00000030       0x20 build/debug/Core/Src/dma.o
 .debug_aranges
                0x00000050       0x20 build/debug/Core/Src/gpio.o
 .debug_aranges
                0x00000070       0x40 build/debug/Core/Src/main.o
 .debug_aranges
                0x000000b0       0x40 build/debug/Core/Src/pdm.o
 .debug_aranges
                0x000000f0       0x30 build/debug/Core/Src/spi.o
 .debug_aranges
                0x00000120       0x20 build/debug/Core/Src/stm32l4xx_hal_msp.o
 .debug_aranges
                0x00000140       0x70 build/debug/Core/Src/stm32l4xx_it.o
 .debug_aranges
                0x000001b0       0x28 build/debug/Core/Src/system_stm32l4xx.o
 .debug_aranges
                0x000001d8       0x40 build/debug/Core/Src/ws2812.o
 .debug_aranges
                0x00000218      0x130 build/debug/Drivers/STM32L4xx_HAL_Driver/Src/stm32l4xx_hal.o
 .debug_aranges
                0x00000348      0x110 build/debug/Drivers/STM32L4xx_HAL_Driver/Src/stm32l4xx_hal_adc.o
 .debug_aranges
                0x00000458       0xf0 build/debug/Drivers/STM32L4xx_HAL_Driver/Src/stm32l4xx_hal_cortex.o
 .debug_aranges
                0x00000548       0x80 build/debug/Drivers/STM32L4xx_HAL_Driver/Src/stm32l4xx_hal_dma.o
 .debug_aranges
                0x000005c8       0x58 build/debug/Drivers/STM32L4xx_HAL_Driver/Src/stm32l4xx_hal_gpio.o
 .debug_aranges
                0x00000620      0x100 build/debug/Drivers/STM32L4xx_HAL_Driver/Src/stm32l4xx_hal_pwr_ex.o
 .debug_aranges
                0x00000720       0x90 build/debug/Drivers/STM32L4xx_HAL_Driver/Src/stm32l4xx_hal_rcc.o
 .debug_aranges
                0x000007b0       0xf0 build/debug/Drivers/STM32L4xx_HAL_Driver/Src/stm32l4xx_hal_rcc_ex.o
 .debug_aranges
                0x000008a0      0x1e8 build/debug/Drivers/STM32L4xx_HAL_Driver/Src/stm32l4xx_hal_spi.o
 .debug_aranges
                0x00000a88       0x40 build/debug/colorchord/DFT32.o
 .debug_aranges
                0x00000ac8       0x30 build/debug/colorchord/embeddednf.o
 .debug_aranges
                0x00000af8       0x38 build/debug/colorchord/embeddedout.o
 .debug_aranges
                0x00000b30       0x28 build/debug/startup_stm32l431xx.o
 .debug_aranges
                0x00000b58       0x20 /usr/lib/gcc/arm-none-eabi/14.2.0/../../../../arm-none-eabi/lib/thumb/v7e-m+fp/hard/libc_nano.a(libc_a-memset.o)
 .debug_aranges
                0x00000b78       0x20 /usr/lib/gcc/arm-none-eabi/14.2.0/../../../../arm-none-eabi/lib/thumb/v7e-m+fp/hard/libc_nano.a(libc_a-init.o)

.debug_rnglists
                0x00000000      0xadd
 .debug_rnglists
                0x00000000       0x20 build/debug/Core/Src/adc.o
 .debug_rnglists
                0x00000020       0x13 build/debug/Core/Src/dma.o
 .debug_rnglists
                0x00000033       0x14 build/debug/Core/Src/gpio.o
 .debug_rnglists
                0x00000047       0x2b build/debug/Core/Src/main.o
 .debug_rnglists
                0x00000072       0x56 build/debug/Core/Src/pdm.o
 .debug_rnglists
                0x000000c8       0x20 build/debug/Core/Src/spi.o
 .debug_rnglists
                0x000000e8       0x13 build/debug/Core/Src/stm32l4xx_hal_msp.o
 .debug_rnglists
                0x000000fb       0x4f build/debug/Core/Src/stm32l4xx_it.o
 .debug_rnglists
                0x0000014a       0x1a build/debug/Core/Src/system_stm32l4xx.o
 .debug_rnglists
                0x00000164       0x76 build/debug/Core/Src/ws2812.o
 .debug_rnglists
                0x000001da       0xdf build/debug/Drivers/STM32L4xx_HAL_Driver/Src/stm32l4xx_hal.o
 .debug_rnglists
                0x000002b9      0x22f build/debug/Drivers/STM32L4xx_HAL_Driver/Src/stm32l4xx_hal_adc.o
 .debug_rnglists
                0x000004e8       0xaf build/debug/Drivers/STM32L4xx_HAL_Driver/Src/stm32l4xx_hal_cortex.o
 .debug_rnglists
                0x00000597       0x5f build/debug/Drivers/STM32L4xx_HAL_Driver/Src/stm32l4xx_hal_dma.o
 .debug_rnglists
                0x000005f6       0x3f build/debug/Drivers/STM32L4xx_HAL_Driver/Src/stm32l4xx_hal_gpio.o
 .debug_rnglists
                0x00000635       0xbf build/debug/Drivers/STM32L4xx_HAL_Driver/Src/stm32l4xx_hal_pwr_ex.o
 .debug_rnglists
                0x000006f4       0x7c build/debug/Drivers/STM32L4xx_HAL_Driver/Src/stm32l4xx_hal_rcc.o
 .debug_rnglists
                0x00000770       0xc7 build/debug/Drivers/STM32L4xx_HAL_Driver/Src/stm32l4xx_hal_rcc_ex.o
 .debug_rnglists
                0x00000837      0x17f build/debug/Drivers/STM32L4xx_HAL_Driver/Src/stm32l4xx_hal_spi.o
 .debug_rnglists
                0x000009b6       0x53 build/debug/colorchord/DFT32.o
 .debug_rnglists
                0x00000a09       0x60 build/debug/colorchord/embeddednf.o
 .debug_rnglists
                0x00000a69       0x35 build/debug/colorchord/embeddedout.o
 .debug_rnglists
                0x00000a9e       0x19 build/debug/startup_stm32l431xx.o
 .debug_rnglists
                0x00000ab7       0x13 /usr/lib/gcc/arm-none-eabi/14.2.0/../../../../arm-none-eabi/lib/thumb/v7e-m+fp/hard/libc_nano.a(libc_a-memset.o)
 .debug_rnglists
                0x00000aca       0x13 /usr/lib/gcc/arm-none-eabi/14.2.0/../../../../arm-none-eabi/lib/thumb/v7e-m+fp/hard/libc_nano.a(libc_a-init.o)

.debug_line     0x00000000     0xc0a7
 .debug_line    0x00000000      0x33a build/debug/Core/Src/adc.o
 .debug_line    0x0000033a      0x127 build/debug/Core/Src/dma.o
 .debug_line    0x00000461      0x176 build/debug/Core/Src/gpio.o
 .debug_line    0x000005d7      0x35d build/debug/Core/Src/main.o
 .debug_line    0x00000934      0x313 build/debug/Core/Src/pdm.o
 .debug_line    0x00000c47      0x317 build/debug/Core/Src/spi.o
 .debug_line    0x00000f5e       0xff build/debug/Core/Src/stm32l4xx_hal_msp.o
 .debug_line    0x0000105d      0x252 build/debug/Core/Src/stm32l4xx_it.o
 .debug_line    0x000012af      0x237 build/debug/Core/Src/system_stm32l4xx.o
 .debug_line    0x000014e6      0x2c9 build/debug/Core/Src/ws2812.o
 .debug_line    0x000017af      0x648 build/debug/Drivers/STM32L4xx_HAL_Driver/Src/stm32l4xx_hal.o
 .debug_line    0x00001df7     0x200b build/debug/Drivers/STM32L4xx_HAL_Driver/Src/stm32l4xx_hal_adc.o
 .debug_line    0x00003e02      0x7a7 build/debug/Drivers/STM32L4xx_HAL_Driver/Src/stm32l4xx_hal_cortex.o
 .debug_line    0x000045a9      0x9b2 build/debug/Drivers/STM32L4xx_HAL_Driver/Src/stm32l4xx_hal_dma.o
 .debug_line    0x00004f5b      0x63e build/debug/Drivers/STM32L4xx_HAL_Driver/Src/stm32l4xx_hal_gpio.o
 .debug_line    0x00005599      0x801 build/debug/Drivers/STM32L4xx_HAL_Driver/Src/stm32l4xx_hal_pwr_ex.o
 .debug_line    0x00005d9a      0xfc7 build/debug/Drivers/STM32L4xx_HAL_Driver/Src/stm32l4xx_hal_rcc.o
 .debug_line    0x00006d61     0x133e build/debug/Drivers/STM32L4xx_HAL_Driver/Src/stm32l4xx_hal_rcc_ex.o
 .debug_line    0x0000809f     0x2c75 build/debug/Drivers/STM32L4xx_HAL_Driver/Src/stm32l4xx_hal_spi.o
 .debug_line    0x0000ad14      0x3aa build/debug/colorchord/DFT32.o
 .debug_line    0x0000b0be      0x6b5 build/debug/colorchord/embeddednf.o
 .debug_line    0x0000b773      0x686 build/debug/colorchord/embeddedout.o
 .debug_line    0x0000bdf9       0x76 build/debug/startup_stm32l431xx.o
 .debug_line    0x0000be6f      0x123 /usr/lib/gcc/arm-none-eabi/14.2.0/../../../../arm-none-eabi/lib/thumb/v7e-m+fp/hard/libc_nano.a(libc_a-memset.o)
 .debug_line    0x0000bf92      0x115 /usr/lib/gcc/arm-none-eabi/14.2.0/../../../../arm-none-eabi/lib/thumb/v7e-m+fp/hard/libc_nano.a(libc_a-init.o)

.debug_str      0x00000000     0x437b
 .debug_str     0x00000000     0x437b build/debug/Core/Src/adc.o
                                0xa10 (size before relaxing)
 .debug_str     0x0000437b      0x6fb build/debug/Core/Src/dma.o
 .debug_str     0x0000437b      0x398 build/debug/Core/Src/gpio.o
 .debug_str     0x0000437b      0x48f build/debug/Core/Src/main.o
 .debug_str     0x0000437b      0x886 build/debug/Core/Src/pdm.o
 .debug_str     0x0000437b      0xcde build/debug/Core/Src/spi.o
 .debug_str     0x0000437b      0x2d9 build/debug/Core/Src/stm32l4xx_hal_msp.o
 .debug_str     0x0000437b      0x70d build/debug/Core/Src/stm32l4xx_it.o
 .debug_str     0x0000437b      0x3aa build/debug/Core/Src/system_stm32l4xx.o
 .debug_str     0x0000437b      0x29f build/debug/Core/Src/ws2812.o
 .debug_str     0x0000437b      0xbe6 build/debug/Drivers/STM32L4xx_HAL_Driver/Src/stm32l4xx_hal.o
 .debug_str     0x0000437b     0x1082 build/debug/Drivers/STM32L4xx_HAL_Driver/Src/stm32l4xx_hal_adc.o
 .debug_str     0x0000437b      0xb3d build/debug/Drivers/STM32L4xx_HAL_Driver/Src/stm32l4xx_hal_cortex.o
 .debug_str     0x0000437b      0x611 build/debug/Drivers/STM32L4xx_HAL_Driver/Src/stm32l4xx_hal_dma.o
 .debug_str     0x0000437b      0x50c build/debug/Drivers/STM32L4xx_HAL_Driver/Src/stm32l4xx_hal_gpio.o
 .debug_str     0x0000437b      0x6fc build/debug/Drivers/STM32L4xx_HAL_Driver/Src/stm32l4xx_hal_pwr_ex.o
 .debug_str     0x0000437b      0x827 build/debug/Drivers/STM32L4xx_HAL_Driver/Src/stm32l4xx_hal_rcc.o
 .debug_str     0x0000437b      0xb58 build/debug/Drivers/STM32L4xx_HAL_Driver/Src/stm32l4xx_hal_rcc_ex.o
 .debug_str     0x0000437b      0xddb build/debug/Drivers/STM32L4xx_HAL_Driver/Src/stm32l4xx_hal_spi.o
 .debug_str     0x0000437b      0x2fa build/debug/colorchord/DFT32.o
 .debug_str     0x0000437b      0x3b1 build/debug/colorchord/embeddednf.o
 .debug_str     0x0000437b      0x356 build/debug/colorchord/embeddedout.o
 .debug_str     0x0000437b       0x53 build/debug/startup_stm32l431xx.o
 .debug_str     0x0000437b      0x1bf /usr/lib/gcc/arm-none-eabi/14.2.0/../../../../arm-none-eabi/lib/thumb/v7e-m+fp/hard/libc_nano.a(libc_a-memset.o)
 .debug_str     0x0000437b      0x220 /usr/lib/gcc/arm-none-eabi/14.2.0/../../../../arm-none-eabi/lib/thumb/v7e-m+fp/hard/libc_nano.a(libc_a-init.o)

.comment        0x00000000       0x3c
 .comment       0x00000000       0x3c build/debug/Core/Src/adc.o
                                 0x1f (size before relaxing)
 .comment       0x0000003c       0x1f build/debug/Core/Src/dma.o
 .comment       0x0000003c       0x1f build/debug/Core/Src/gpio.o
 .comment       0x0000003c       0x1f build/debug/Core/Src/main.o
 .comment       0x0000003c       0x1f build/debug/Core/Src/pdm.o
 .comment       0x0000003c       0x1f build/debug/Core/Src/spi.o
 .comment       0x0000003c       0x1f build/debug/Core/Src/stm32l4xx_hal_msp.o
 .comment       0x0000003c       0x1f build/debug/Core/Src/stm32l4xx_it.o
 .comment       0x0000003c       0x1f build/debug/Core/Src/system_stm32l4xx.o
 .comment       0x0000003c       0x1f build/debug/Core/Src/ws2812.o
 .comment       0x0000003c       0x1f build/debug/Drivers/STM32L4xx_HAL_Driver/Src/stm32l4xx_hal.o
 .comment       0x0000003c       0x1f build/debug/Drivers/STM32L4xx_HAL_Driver/Src/stm32l4xx_hal_adc.o
 .comment       0x0000003c       0x1f build/debug/Drivers/STM32L4xx_HAL_Driver/Src/stm32l4xx_hal_cortex.o
 .comment       0x0000003c       0x1f build/debug/Drivers/STM32L4xx_HAL_Driver/Src/stm32l4xx_hal_dma.o
 .comment       0x0000003c       0x1f build/debug/Drivers/STM32L4xx_HAL_Driver/Src/stm32l4xx_hal_gpio.o
 .comment       0x0000003c       0x1f build/debug/Drivers/STM32L4xx_HAL_Driver/Src/stm32l4xx_hal_pwr_ex.o
 .comment       0x0000003c       0x1f build/debug/Drivers/STM32L4xx_HAL_Driver/Src/stm32l4xx_hal_rcc.o
 .comment       0x0000003c       0x1f build/debug/Drivers/STM32L4xx_HAL_Driver/Src/stm32l4xx_hal_rcc_ex.o
 .comment       0x0000003c       0x1f build/debug/Drivers/STM32L4xx_HAL_Driver/Src/stm32l4xx_hal_spi.o
 .comment       0x0000003c       0x1f build/debug/colorchord/DFT32.o
 .comment       0x0000003c       0x1f build/debug/colorchord/embeddednf.o
 .comment       0x0000003c       0x1f build/debug/colorchord/embeddedout.o
 .comment       0x0000003c       0x1f /usr/lib/gcc/arm-none-eabi/14.2.0/../../../../arm-none-eabi/lib/thumb/v7e-m+fp/hard/libc_nano.a(libc_a-memset.o)
 .comment       0x0000003c       0x1f /usr/lib/gcc/arm-none-eabi/14.2.0/../../../../arm-none-eabi/lib/thumb/v7e-m+fp/hard/libc_nano.a(libc_a-init.o)

.debug_frame    0x00000000     0x1b94
 .debug_frame   0x00000000       0x60 build/debug/Core/Src/adc.o
 .debug_frame   0x00000060       0x2c build/debug/Core/Src/dma.o
 .debug_frame   0x0000008c       0x34 build/debug/Core/Src/gpio.o
 .debug_frame   0x000000c0       0x84 build/debug/Core/Src/main.o
 .debug_frame   0x00000144       0x88 build/debug/Core/Src/pdm.o
 .debug_frame   0x000001cc       0x60 build/debug/Core/Src/spi.o
 .debug_frame   0x0000022c       0x28 build/debug/Core/Src/stm32l4xx_hal_msp.o
 .debug_frame   0x00000254       0xd8 build/debug/Core/Src/stm32l4xx_it.o
 .debug_frame   0x0000032c       0x30 build/debug/Core/Src/system_stm32l4xx.o
 .debug_frame   0x0000035c       0xb4 build/debug/Core/Src/ws2812.o
 .debug_frame   0x00000410      0x274 build/debug/Drivers/STM32L4xx_HAL_Driver/Src/stm32l4xx_hal.o
 .debug_frame   0x00000684      0x328 build/debug/Drivers/STM32L4xx_HAL_Driver/Src/stm32l4xx_hal_adc.o
 .debug_frame   0x000009ac      0x204 build/debug/Drivers/STM32L4xx_HAL_Driver/Src/stm32l4xx_hal_cortex.o
 .debug_frame   0x00000bb0      0x150 build/debug/Drivers/STM32L4xx_HAL_Driver/Src/stm32l4xx_hal_dma.o
 .debug_frame   0x00000d00       0xd0 build/debug/Drivers/STM32L4xx_HAL_Driver/Src/stm32l4xx_hal_gpio.o
 .debug_frame   0x00000dd0      0x1f8 build/debug/Drivers/STM32L4xx_HAL_Driver/Src/stm32l4xx_hal_pwr_ex.o
 .debug_frame   0x00000fc8      0x19c build/debug/Drivers/STM32L4xx_HAL_Driver/Src/stm32l4xx_hal_rcc.o
 .debug_frame   0x00001164      0x25c build/debug/Drivers/STM32L4xx_HAL_Driver/Src/stm32l4xx_hal_rcc_ex.o
 .debug_frame   0x000013c0      0x61c build/debug/Drivers/STM32L4xx_HAL_Driver/Src/stm32l4xx_hal_spi.o
 .debug_frame   0x000019dc       0x80 build/debug/colorchord/DFT32.o
 .debug_frame   0x00001a5c       0x6c build/debug/colorchord/embeddednf.o
 .debug_frame   0x00001ac8       0x80 build/debug/colorchord/embeddedout.o
 .debug_frame   0x00001b48       0x20 /usr/lib/gcc/arm-none-eabi/14.2.0/../../../../arm-none-eabi/lib/thumb/v7e-m+fp/hard/libc_nano.a(libc_a-memset.o)
 .debug_frame   0x00001b68       0x2c /usr/lib/gcc/arm-none-eabi/14.2.0/../../../../arm-none-eabi/lib/thumb/v7e-m+fp/hard/libc_nano.a(libc_a-init.o)

.debug_line_str
                0x00000000       0x39
 .debug_line_str
                0x00000000       0x39 build/debug/startup_stm32l431xx.o

Cross Reference Table

Symbol                                            File
ADC1_IRQHandler                                   build/debug/startup_stm32l431xx.o
ADC_ConversionStop                                build/debug/Drivers/STM32L4xx_HAL_Driver/Src/stm32l4xx_hal_adc.o
                                                  build/debug/Drivers/STM32L4xx_HAL_Driver/Src/stm32l4xx_hal_adc_ex.o
ADC_DMAConvCplt                                   build/debug/Drivers/STM32L4xx_HAL_Driver/Src/stm32l4xx_hal_adc.o
ADC_DMAError                                      build/debug/Drivers/STM32L4xx_HAL_Driver/Src/stm32l4xx_hal_adc.o
ADC_DMAHalfConvCplt                               build/debug/Drivers/STM32L4xx_HAL_Driver/Src/stm32l4xx_hal_adc.o
ADC_Disable                                       build/debug/Drivers/STM32L4xx_HAL_Driver/Src/stm32l4xx_hal_adc.o
                                                  build/debug/Drivers/STM32L4xx_HAL_Driver/Src/stm32l4xx_hal_adc_ex.o
ADC_Enable                                        build/debug/Drivers/STM32L4xx_HAL_Driver/Src/stm32l4xx_hal_adc.o
                                                  build/debug/Drivers/STM32L4xx_HAL_Driver/Src/stm32l4xx_hal_adc_ex.o
AHBPrescTable                                     build/debug/Core/Src/system_stm32l4xx.o
                                                  build/debug/Drivers/STM32L4xx_HAL_Driver/Src/stm32l4xx_hal_rcc.o
APBPrescTable                                     build/debug/Core/Src/system_stm32l4xx.o
                                                  build/debug/Drivers/STM32L4xx_HAL_Driver/Src/stm32l4xx_hal_rcc.o
BusFault_Handler                                  build/debug/Core/Src/stm32l4xx_it.o
CAN1_RX0_IRQHandler                               build/debug/startup_stm32l431xx.o
CAN1_RX1_IRQHandler                               build/debug/startup_stm32l431xx.o
CAN1_SCE_IRQHandler                               build/debug/startup_stm32l431xx.o
CAN1_TX_IRQHandler                                build/debug/startup_stm32l431xx.o
COMP_IRQHandler                                   build/debug/startup_stm32l431xx.o
CRS_IRQHandler                                    build/debug/startup_stm32l431xx.o
DMA1_Channel1_IRQHandler                          build/debug/startup_stm32l431xx.o
DMA1_Channel2_IRQHandler                          build/debug/Core/Src/stm32l4xx_it.o
DMA1_Channel3_IRQHandler                          build/debug/startup_stm32l431xx.o
DMA1_Channel4_IRQHandler                          build/debug/startup_stm32l431xx.o
DMA1_Channel5_IRQHandler                          build/debug/startup_stm32l431xx.o
DMA1_Channel6_IRQHandler                          build/debug/startup_stm32l431xx.o
DMA1_Channel7_IRQHandler                          build/debug/startup_stm32l431xx.o
DMA2_Channel1_IRQHandler                          build/debug/startup_stm32l431xx.o
DMA2_Channel2_IRQHandler                          build/debug/startup_stm32l431xx.o
DMA2_Channel3_IRQHandler                          build/debug/startup_stm32l431xx.o
DMA2_Channel4_IRQHandler                          build/debug/startup_stm32l431xx.o
DMA2_Channel5_IRQHandler                          build/debug/startup_stm32l431xx.o
DMA2_Channel6_IRQHandler                          build/debug/startup_stm32l431xx.o
DMA2_Channel7_IRQHandler                          build/debug/startup_stm32l431xx.o
DebugMon_Handler                                  build/debug/Core/Src/stm32l4xx_it.o
Default_Handler                                   build/debug/startup_stm32l431xx.o
ECCtoHEX                                          build/debug/colorchord/embeddedout.o
EHSVtoHEX                                         build/debug/colorchord/embeddedout.o
EXTI0_IRQHandler                                  build/debug/startup_stm32l431xx.o
EXTI15_10_IRQHandler                              build/debug/startup_stm32l431xx.o
EXTI1_IRQHandler                                  build/debug/startup_stm32l431xx.o
EXTI2_IRQHandler                                  build/debug/startup_stm32l431xx.o
EXTI3_IRQHandler                                  build/debug/startup_stm32l431xx.o
EXTI4_IRQHandler                                  build/debug/startup_stm32l431xx.o
EXTI9_5_IRQHandler                                build/debug/startup_stm32l431xx.o
Error_Handler                                     build/debug/Core/Src/main.o
                                                  build/debug/Core/Src/spi.o
                                                  build/debug/Core/Src/adc.o
FLASH_FlushCaches                                 build/debug/Drivers/STM32L4xx_HAL_Driver/Src/stm32l4xx_hal_flash_ex.o
                                                  build/debug/Drivers/STM32L4xx_HAL_Driver/Src/stm32l4xx_hal_flash.o
FLASH_IRQHandler                                  build/debug/startup_stm32l431xx.o
FLASH_PageErase                                   build/debug/Drivers/STM32L4xx_HAL_Driver/Src/stm32l4xx_hal_flash_ex.o
                                                  build/debug/Drivers/STM32L4xx_HAL_Driver/Src/stm32l4xx_hal_flash.o
FLASH_WaitForLastOperation                        build/debug/Drivers/STM32L4xx_HAL_Driver/Src/stm32l4xx_hal_flash.o
                                                  build/debug/Drivers/STM32L4xx_HAL_Driver/Src/stm32l4xx_hal_flash_ex.o
FPU_IRQHandler                                    build/debug/startup_stm32l431xx.o
GotSample                                         build/debug/Core/Src/main.o
                                                  build/debug/Core/Src/pdm.o
HAL_ADCEx_Calibration_GetValue                    build/debug/Drivers/STM32L4xx_HAL_Driver/Src/stm32l4xx_hal_adc_ex.o
HAL_ADCEx_Calibration_SetValue                    build/debug/Drivers/STM32L4xx_HAL_Driver/Src/stm32l4xx_hal_adc_ex.o
HAL_ADCEx_Calibration_Start                       build/debug/Drivers/STM32L4xx_HAL_Driver/Src/stm32l4xx_hal_adc_ex.o
HAL_ADCEx_DisableInjectedQueue                    build/debug/Drivers/STM32L4xx_HAL_Driver/Src/stm32l4xx_hal_adc_ex.o
HAL_ADCEx_DisableVoltageRegulator                 build/debug/Drivers/STM32L4xx_HAL_Driver/Src/stm32l4xx_hal_adc_ex.o
HAL_ADCEx_EnableInjectedQueue                     build/debug/Drivers/STM32L4xx_HAL_Driver/Src/stm32l4xx_hal_adc_ex.o
HAL_ADCEx_EndOfSamplingCallback                   build/debug/Drivers/STM32L4xx_HAL_Driver/Src/stm32l4xx_hal_adc_ex.o
                                                  build/debug/Drivers/STM32L4xx_HAL_Driver/Src/stm32l4xx_hal_adc.o
HAL_ADCEx_EnterADCDeepPowerDownMode               build/debug/Drivers/STM32L4xx_HAL_Driver/Src/stm32l4xx_hal_adc_ex.o
HAL_ADCEx_InjectedConfigChannel                   build/debug/Drivers/STM32L4xx_HAL_Driver/Src/stm32l4xx_hal_adc_ex.o
HAL_ADCEx_InjectedConvCpltCallback                build/debug/Drivers/STM32L4xx_HAL_Driver/Src/stm32l4xx_hal_adc_ex.o
                                                  build/debug/Drivers/STM32L4xx_HAL_Driver/Src/stm32l4xx_hal_adc.o
HAL_ADCEx_InjectedGetValue                        build/debug/Drivers/STM32L4xx_HAL_Driver/Src/stm32l4xx_hal_adc_ex.o
HAL_ADCEx_InjectedPollForConversion               build/debug/Drivers/STM32L4xx_HAL_Driver/Src/stm32l4xx_hal_adc_ex.o
HAL_ADCEx_InjectedQueueOverflowCallback           build/debug/Drivers/STM32L4xx_HAL_Driver/Src/stm32l4xx_hal_adc_ex.o
                                                  build/debug/Drivers/STM32L4xx_HAL_Driver/Src/stm32l4xx_hal_adc.o
HAL_ADCEx_InjectedStart                           build/debug/Drivers/STM32L4xx_HAL_Driver/Src/stm32l4xx_hal_adc_ex.o
HAL_ADCEx_InjectedStart_IT                        build/debug/Drivers/STM32L4xx_HAL_Driver/Src/stm32l4xx_hal_adc_ex.o
HAL_ADCEx_InjectedStop                            build/debug/Drivers/STM32L4xx_HAL_Driver/Src/stm32l4xx_hal_adc_ex.o
HAL_ADCEx_InjectedStop_IT                         build/debug/Drivers/STM32L4xx_HAL_Driver/Src/stm32l4xx_hal_adc_ex.o
HAL_ADCEx_LevelOutOfWindow2Callback               build/debug/Drivers/STM32L4xx_HAL_Driver/Src/stm32l4xx_hal_adc_ex.o
                                                  build/debug/Drivers/STM32L4xx_HAL_Driver/Src/stm32l4xx_hal_adc.o
HAL_ADCEx_LevelOutOfWindow3Callback               build/debug/Drivers/STM32L4xx_HAL_Driver/Src/stm32l4xx_hal_adc_ex.o
                                                  build/debug/Drivers/STM32L4xx_HAL_Driver/Src/stm32l4xx_hal_adc.o
HAL_ADCEx_RegularStop                             build/debug/Drivers/STM32L4xx_HAL_Driver/Src/stm32l4xx_hal_adc_ex.o
HAL_ADCEx_RegularStop_DMA                         build/debug/Drivers/STM32L4xx_HAL_Driver/Src/stm32l4xx_hal_adc_ex.o
HAL_ADCEx_RegularStop_IT                          build/debug/Drivers/STM32L4xx_HAL_Driver/Src/stm32l4xx_hal_adc_ex.o
HAL_ADC_AnalogWDGConfig                           build/debug/Drivers/STM32L4xx_HAL_Driver/Src/stm32l4xx_hal_adc.o
HAL_ADC_ConfigChannel                             build/debug/Drivers/STM32L4xx_HAL_Driver/Src/stm32l4xx_hal_adc.o
                                                  build/debug/Core/Src/adc.o
HAL_ADC_ConvCpltCallback                          build/debug/Drivers/STM32L4xx_HAL_Driver/Src/stm32l4xx_hal_adc.o
HAL_ADC_ConvHalfCpltCallback                      build/debug/Drivers/STM32L4xx_HAL_Driver/Src/stm32l4xx_hal_adc.o
HAL_ADC_DeInit                                    build/debug/Drivers/STM32L4xx_HAL_Driver/Src/stm32l4xx_hal_adc.o
HAL_ADC_ErrorCallback                             build/debug/Drivers/STM32L4xx_HAL_Driver/Src/stm32l4xx_hal_adc.o
HAL_ADC_GetError                                  build/debug/Drivers/STM32L4xx_HAL_Driver/Src/stm32l4xx_hal_adc.o
HAL_ADC_GetState                                  build/debug/Drivers/STM32L4xx_HAL_Driver/Src/stm32l4xx_hal_adc.o
HAL_ADC_GetValue                                  build/debug/Drivers/STM32L4xx_HAL_Driver/Src/stm32l4xx_hal_adc.o
HAL_ADC_IRQHandler                                build/debug/Drivers/STM32L4xx_HAL_Driver/Src/stm32l4xx_hal_adc.o
HAL_ADC_Init                                      build/debug/Drivers/STM32L4xx_HAL_Driver/Src/stm32l4xx_hal_adc.o
                                                  build/debug/Core/Src/adc.o
HAL_ADC_LevelOutOfWindowCallback                  build/debug/Drivers/STM32L4xx_HAL_Driver/Src/stm32l4xx_hal_adc.o
HAL_ADC_MspDeInit                                 build/debug/Core/Src/adc.o
HAL_ADC_MspInit                                   build/debug/Core/Src/adc.o
HAL_ADC_PollForConversion                         build/debug/Drivers/STM32L4xx_HAL_Driver/Src/stm32l4xx_hal_adc.o
HAL_ADC_PollForEvent                              build/debug/Drivers/STM32L4xx_HAL_Driver/Src/stm32l4xx_hal_adc.o
HAL_ADC_Start                                     build/debug/Drivers/STM32L4xx_HAL_Driver/Src/stm32l4xx_hal_adc.o
HAL_ADC_Start_DMA                                 build/debug/Drivers/STM32L4xx_HAL_Driver/Src/stm32l4xx_hal_adc.o
HAL_ADC_Start_IT                                  build/debug/Drivers/STM32L4xx_HAL_Driver/Src/stm32l4xx_hal_adc.o
HAL_ADC_Stop                                      build/debug/Drivers/STM32L4xx_HAL_Driver/Src/stm32l4xx_hal_adc.o
HAL_ADC_Stop_DMA                                  build/debug/Drivers/STM32L4xx_HAL_Driver/Src/stm32l4xx_hal_adc.o
HAL_ADC_Stop_IT                                   build/debug/Drivers/STM32L4xx_HAL_Driver/Src/stm32l4xx_hal_adc.o
HAL_DBGMCU_DisableDBGSleepMode                    build/debug/Drivers/STM32L4xx_HAL_Driver/Src/stm32l4xx_hal.o
HAL_DBGMCU_DisableDBGStandbyMode                  build/debug/Drivers/STM32L4xx_HAL_Driver/Src/stm32l4xx_hal.o
HAL_DBGMCU_DisableDBGStopMode                     build/debug/Drivers/STM32L4xx_HAL_Driver/Src/stm32l4xx_hal.o
HAL_DBGMCU_EnableDBGSleepMode                     build/debug/Drivers/STM32L4xx_HAL_Driver/Src/stm32l4xx_hal.o
HAL_DBGMCU_EnableDBGStandbyMode                   build/debug/Drivers/STM32L4xx_HAL_Driver/Src/stm32l4xx_hal.o
HAL_DBGMCU_EnableDBGStopMode                      build/debug/Drivers/STM32L4xx_HAL_Driver/Src/stm32l4xx_hal.o
HAL_DMA_Abort                                     build/debug/Drivers/STM32L4xx_HAL_Driver/Src/stm32l4xx_hal_dma.o
                                                  build/debug/Drivers/STM32L4xx_HAL_Driver/Src/stm32l4xx_hal_spi.o
                                                  build/debug/Drivers/STM32L4xx_HAL_Driver/Src/stm32l4xx_hal_adc_ex.o
                                                  build/debug/Drivers/STM32L4xx_HAL_Driver/Src/stm32l4xx_hal_adc.o
HAL_DMA_Abort_IT                                  build/debug/Drivers/STM32L4xx_HAL_Driver/Src/stm32l4xx_hal_dma.o
                                                  build/debug/Drivers/STM32L4xx_HAL_Driver/Src/stm32l4xx_hal_spi.o
HAL_DMA_DeInit                                    build/debug/Drivers/STM32L4xx_HAL_Driver/Src/stm32l4xx_hal_dma.o
                                                  build/debug/Core/Src/spi.o
HAL_DMA_GetError                                  build/debug/Drivers/STM32L4xx_HAL_Driver/Src/stm32l4xx_hal_dma.o
HAL_DMA_GetState                                  build/debug/Drivers/STM32L4xx_HAL_Driver/Src/stm32l4xx_hal_dma.o
HAL_DMA_IRQHandler                                build/debug/Drivers/STM32L4xx_HAL_Driver/Src/stm32l4xx_hal_dma.o
                                                  build/debug/Core/Src/stm32l4xx_it.o
HAL_DMA_Init                                      build/debug/Drivers/STM32L4xx_HAL_Driver/Src/stm32l4xx_hal_dma.o
                                                  build/debug/Core/Src/spi.o
HAL_DMA_PollForTransfer                           build/debug/Drivers/STM32L4xx_HAL_Driver/Src/stm32l4xx_hal_dma.o
HAL_DMA_RegisterCallback                          build/debug/Drivers/STM32L4xx_HAL_Driver/Src/stm32l4xx_hal_dma.o
HAL_DMA_Start                                     build/debug/Drivers/STM32L4xx_HAL_Driver/Src/stm32l4xx_hal_dma.o
HAL_DMA_Start_IT                                  build/debug/Drivers/STM32L4xx_HAL_Driver/Src/stm32l4xx_hal_dma.o
                                                  build/debug/Drivers/STM32L4xx_HAL_Driver/Src/stm32l4xx_hal_spi.o
                                                  build/debug/Drivers/STM32L4xx_HAL_Driver/Src/stm32l4xx_hal_adc.o
HAL_DMA_UnRegisterCallback                        build/debug/Drivers/STM32L4xx_HAL_Driver/Src/stm32l4xx_hal_dma.o
HAL_DeInit                                        build/debug/Drivers/STM32L4xx_HAL_Driver/Src/stm32l4xx_hal.o
HAL_Delay                                         build/debug/Drivers/STM32L4xx_HAL_Driver/Src/stm32l4xx_hal.o
                                                  build/debug/Core/Src/main.o
HAL_EXTI_ClearConfigLine                          build/debug/Drivers/STM32L4xx_HAL_Driver/Src/stm32l4xx_hal_exti.o
HAL_EXTI_ClearPending                             build/debug/Drivers/STM32L4xx_HAL_Driver/Src/stm32l4xx_hal_exti.o
HAL_EXTI_GenerateSWI                              build/debug/Drivers/STM32L4xx_HAL_Driver/Src/stm32l4xx_hal_exti.o
HAL_EXTI_GetConfigLine                            build/debug/Drivers/STM32L4xx_HAL_Driver/Src/stm32l4xx_hal_exti.o
HAL_EXTI_GetHandle                                build/debug/Drivers/STM32L4xx_HAL_Driver/Src/stm32l4xx_hal_exti.o
HAL_EXTI_GetPending                               build/debug/Drivers/STM32L4xx_HAL_Driver/Src/stm32l4xx_hal_exti.o
HAL_EXTI_IRQHandler                               build/debug/Drivers/STM32L4xx_HAL_Driver/Src/stm32l4xx_hal_exti.o
HAL_EXTI_RegisterCallback                         build/debug/Drivers/STM32L4xx_HAL_Driver/Src/stm32l4xx_hal_exti.o
HAL_EXTI_SetConfigLine                            build/debug/Drivers/STM32L4xx_HAL_Driver/Src/stm32l4xx_hal_exti.o
HAL_FLASHEx_DisableRunPowerDown                   build/debug/Drivers/STM32L4xx_HAL_Driver/Src/stm32l4xx_hal_flash_ramfunc.o
HAL_FLASHEx_EnableRunPowerDown                    build/debug/Drivers/STM32L4xx_HAL_Driver/Src/stm32l4xx_hal_flash_ramfunc.o
HAL_FLASHEx_Erase                                 build/debug/Drivers/STM32L4xx_HAL_Driver/Src/stm32l4xx_hal_flash_ex.o
HAL_FLASHEx_Erase_IT                              build/debug/Drivers/STM32L4xx_HAL_Driver/Src/stm32l4xx_hal_flash_ex.o
HAL_FLASHEx_OBGetConfig                           build/debug/Drivers/STM32L4xx_HAL_Driver/Src/stm32l4xx_hal_flash_ex.o
HAL_FLASHEx_OBProgram                             build/debug/Drivers/STM32L4xx_HAL_Driver/Src/stm32l4xx_hal_flash_ex.o
HAL_FLASH_EndOfOperationCallback                  build/debug/Drivers/STM32L4xx_HAL_Driver/Src/stm32l4xx_hal_flash.o
HAL_FLASH_GetError                                build/debug/Drivers/STM32L4xx_HAL_Driver/Src/stm32l4xx_hal_flash.o
HAL_FLASH_IRQHandler                              build/debug/Drivers/STM32L4xx_HAL_Driver/Src/stm32l4xx_hal_flash.o
HAL_FLASH_Lock                                    build/debug/Drivers/STM32L4xx_HAL_Driver/Src/stm32l4xx_hal_flash.o
HAL_FLASH_OB_Launch                               build/debug/Drivers/STM32L4xx_HAL_Driver/Src/stm32l4xx_hal_flash.o
HAL_FLASH_OB_Lock                                 build/debug/Drivers/STM32L4xx_HAL_Driver/Src/stm32l4xx_hal_flash.o
HAL_FLASH_OB_Unlock                               build/debug/Drivers/STM32L4xx_HAL_Driver/Src/stm32l4xx_hal_flash.o
HAL_FLASH_OperationErrorCallback                  build/debug/Drivers/STM32L4xx_HAL_Driver/Src/stm32l4xx_hal_flash.o
HAL_FLASH_Program                                 build/debug/Drivers/STM32L4xx_HAL_Driver/Src/stm32l4xx_hal_flash.o
HAL_FLASH_Program_IT                              build/debug/Drivers/STM32L4xx_HAL_Driver/Src/stm32l4xx_hal_flash.o
HAL_FLASH_Unlock                                  build/debug/Drivers/STM32L4xx_HAL_Driver/Src/stm32l4xx_hal_flash.o
HAL_GPIO_DeInit                                   build/debug/Drivers/STM32L4xx_HAL_Driver/Src/stm32l4xx_hal_gpio.o
                                                  build/debug/Core/Src/spi.o
HAL_GPIO_EXTI_Callback                            build/debug/Drivers/STM32L4xx_HAL_Driver/Src/stm32l4xx_hal_gpio.o
HAL_GPIO_EXTI_IRQHandler                          build/debug/Drivers/STM32L4xx_HAL_Driver/Src/stm32l4xx_hal_gpio.o
HAL_GPIO_Init                                     build/debug/Drivers/STM32L4xx_HAL_Driver/Src/stm32l4xx_hal_gpio.o
                                                  build/debug/Drivers/STM32L4xx_HAL_Driver/Src/stm32l4xx_hal_rcc_ex.o
                                                  build/debug/Drivers/STM32L4xx_HAL_Driver/Src/stm32l4xx_hal_rcc.o
                                                  build/debug/Core/Src/spi.o
                                                  build/debug/Core/Src/gpio.o
HAL_GPIO_LockPin                                  build/debug/Drivers/STM32L4xx_HAL_Driver/Src/stm32l4xx_hal_gpio.o
HAL_GPIO_ReadPin                                  build/debug/Drivers/STM32L4xx_HAL_Driver/Src/stm32l4xx_hal_gpio.o
HAL_GPIO_TogglePin                                build/debug/Drivers/STM32L4xx_HAL_Driver/Src/stm32l4xx_hal_gpio.o
HAL_GPIO_WritePin                                 build/debug/Drivers/STM32L4xx_HAL_Driver/Src/stm32l4xx_hal_gpio.o
                                                  build/debug/Core/Src/ws2812.o
                                                  build/debug/Core/Src/gpio.o
HAL_GetDEVID                                      build/debug/Drivers/STM32L4xx_HAL_Driver/Src/stm32l4xx_hal.o
HAL_GetHalVersion                                 build/debug/Drivers/STM32L4xx_HAL_Driver/Src/stm32l4xx_hal.o
HAL_GetREVID                                      build/debug/Drivers/STM32L4xx_HAL_Driver/Src/stm32l4xx_hal.o
HAL_GetTick                                       build/debug/Drivers/STM32L4xx_HAL_Driver/Src/stm32l4xx_hal.o
                                                  build/debug/Drivers/STM32L4xx_HAL_Driver/Src/stm32l4xx_hal_spi.o
                                                  build/debug/Drivers/STM32L4xx_HAL_Driver/Src/stm32l4xx_hal_rcc_ex.o
                                                  build/debug/Drivers/STM32L4xx_HAL_Driver/Src/stm32l4xx_hal_rcc.o
                                                  build/debug/Drivers/STM32L4xx_HAL_Driver/Src/stm32l4xx_hal_flash.o
                                                  build/debug/Drivers/STM32L4xx_HAL_Driver/Src/stm32l4xx_hal_dma.o
                                                  build/debug/Drivers/STM32L4xx_HAL_Driver/Src/stm32l4xx_hal_adc_ex.o
                                                  build/debug/Drivers/STM32L4xx_HAL_Driver/Src/stm32l4xx_hal_adc.o
HAL_GetTickFreq                                   build/debug/Drivers/STM32L4xx_HAL_Driver/Src/stm32l4xx_hal.o
HAL_GetTickPrio                                   build/debug/Drivers/STM32L4xx_HAL_Driver/Src/stm32l4xx_hal.o
HAL_GetUIDw0                                      build/debug/Drivers/STM32L4xx_HAL_Driver/Src/stm32l4xx_hal.o
HAL_GetUIDw1                                      build/debug/Drivers/STM32L4xx_HAL_Driver/Src/stm32l4xx_hal.o
HAL_GetUIDw2                                      build/debug/Drivers/STM32L4xx_HAL_Driver/Src/stm32l4xx_hal.o
HAL_IncTick                                       build/debug/Drivers/STM32L4xx_HAL_Driver/Src/stm32l4xx_hal.o
                                                  build/debug/Core/Src/stm32l4xx_it.o
HAL_Init                                          build/debug/Drivers/STM32L4xx_HAL_Driver/Src/stm32l4xx_hal.o
                                                  build/debug/Core/Src/main.o
HAL_InitTick                                      build/debug/Drivers/STM32L4xx_HAL_Driver/Src/stm32l4xx_hal.o
                                                  build/debug/Drivers/STM32L4xx_HAL_Driver/Src/stm32l4xx_hal_rcc.o
HAL_MPU_ConfigRegion                              build/debug/Drivers/STM32L4xx_HAL_Driver/Src/stm32l4xx_hal_cortex.o
HAL_MPU_Disable                                   build/debug/Drivers/STM32L4xx_HAL_Driver/Src/stm32l4xx_hal_cortex.o
HAL_MPU_DisableRegion                             build/debug/Drivers/STM32L4xx_HAL_Driver/Src/stm32l4xx_hal_cortex.o
HAL_MPU_Enable                                    build/debug/Drivers/STM32L4xx_HAL_Driver/Src/stm32l4xx_hal_cortex.o
HAL_MPU_EnableRegion                              build/debug/Drivers/STM32L4xx_HAL_Driver/Src/stm32l4xx_hal_cortex.o
HAL_MspDeInit                                     build/debug/Drivers/STM32L4xx_HAL_Driver/Src/stm32l4xx_hal.o
HAL_MspInit                                       build/debug/Core/Src/stm32l4xx_hal_msp.o
HAL_NVIC_ClearPendingIRQ                          build/debug/Drivers/STM32L4xx_HAL_Driver/Src/stm32l4xx_hal_cortex.o
HAL_NVIC_DisableIRQ                               build/debug/Drivers/STM32L4xx_HAL_Driver/Src/stm32l4xx_hal_cortex.o
                                                  build/debug/Core/Src/spi.o
HAL_NVIC_EnableIRQ                                build/debug/Drivers/STM32L4xx_HAL_Driver/Src/stm32l4xx_hal_cortex.o
                                                  build/debug/Core/Src/spi.o
                                                  build/debug/Core/Src/dma.o
HAL_NVIC_GetActive                                build/debug/Drivers/STM32L4xx_HAL_Driver/Src/stm32l4xx_hal_cortex.o
HAL_NVIC_GetPendingIRQ                            build/debug/Drivers/STM32L4xx_HAL_Driver/Src/stm32l4xx_hal_cortex.o
HAL_NVIC_GetPriority                              build/debug/Drivers/STM32L4xx_HAL_Driver/Src/stm32l4xx_hal_cortex.o
HAL_NVIC_GetPriorityGrouping                      build/debug/Drivers/STM32L4xx_HAL_Driver/Src/stm32l4xx_hal_cortex.o
HAL_NVIC_SetPendingIRQ                            build/debug/Drivers/STM32L4xx_HAL_Driver/Src/stm32l4xx_hal_cortex.o
HAL_NVIC_SetPriority                              build/debug/Drivers/STM32L4xx_HAL_Driver/Src/stm32l4xx_hal_cortex.o
                                                  build/debug/Drivers/STM32L4xx_HAL_Driver/Src/stm32l4xx_hal.o
                                                  build/debug/Core/Src/spi.o
                                                  build/debug/Core/Src/dma.o
HAL_NVIC_SetPriorityGrouping                      build/debug/Drivers/STM32L4xx_HAL_Driver/Src/stm32l4xx_hal_cortex.o
                                                  build/debug/Drivers/STM32L4xx_HAL_Driver/Src/stm32l4xx_hal.o
HAL_NVIC_SystemReset                              build/debug/Drivers/STM32L4xx_HAL_Driver/Src/stm32l4xx_hal_cortex.o
HAL_PWREx_ConfigPVM                               build/debug/Drivers/STM32L4xx_HAL_Driver/Src/stm32l4xx_hal_pwr_ex.o
HAL_PWREx_ControlVoltageScaling                   build/debug/Drivers/STM32L4xx_HAL_Driver/Src/stm32l4xx_hal_pwr_ex.o
                                                  build/debug/Core/Src/main.o
HAL_PWREx_DisableBatteryCharging                  build/debug/Drivers/STM32L4xx_HAL_Driver/Src/stm32l4xx_hal_pwr_ex.o
HAL_PWREx_DisableGPIOPullDown                     build/debug/Drivers/STM32L4xx_HAL_Driver/Src/stm32l4xx_hal_pwr_ex.o
HAL_PWREx_DisableGPIOPullUp                       build/debug/Drivers/STM32L4xx_HAL_Driver/Src/stm32l4xx_hal_pwr_ex.o
HAL_PWREx_DisableInternalWakeUpLine               build/debug/Drivers/STM32L4xx_HAL_Driver/Src/stm32l4xx_hal_pwr_ex.o
HAL_PWREx_DisableLowPowerRunMode                  build/debug/Drivers/STM32L4xx_HAL_Driver/Src/stm32l4xx_hal_pwr_ex.o
                                                  build/debug/Drivers/STM32L4xx_HAL_Driver/Src/stm32l4xx_hal_pwr.o
HAL_PWREx_DisablePVM3                             build/debug/Drivers/STM32L4xx_HAL_Driver/Src/stm32l4xx_hal_pwr_ex.o
HAL_PWREx_DisablePVM4                             build/debug/Drivers/STM32L4xx_HAL_Driver/Src/stm32l4xx_hal_pwr_ex.o
HAL_PWREx_DisablePullUpPullDownConfig             build/debug/Drivers/STM32L4xx_HAL_Driver/Src/stm32l4xx_hal_pwr_ex.o
HAL_PWREx_DisableSRAM2ContentRetention            build/debug/Drivers/STM32L4xx_HAL_Driver/Src/stm32l4xx_hal_pwr_ex.o
HAL_PWREx_EnableBatteryCharging                   build/debug/Drivers/STM32L4xx_HAL_Driver/Src/stm32l4xx_hal_pwr_ex.o
HAL_PWREx_EnableGPIOPullDown                      build/debug/Drivers/STM32L4xx_HAL_Driver/Src/stm32l4xx_hal_pwr_ex.o
HAL_PWREx_EnableGPIOPullUp                        build/debug/Drivers/STM32L4xx_HAL_Driver/Src/stm32l4xx_hal_pwr_ex.o
HAL_PWREx_EnableInternalWakeUpLine                build/debug/Drivers/STM32L4xx_HAL_Driver/Src/stm32l4xx_hal_pwr_ex.o
HAL_PWREx_EnableLowPowerRunMode                   build/debug/Drivers/STM32L4xx_HAL_Driver/Src/stm32l4xx_hal_pwr_ex.o
                                                  build/debug/Drivers/STM32L4xx_HAL_Driver/Src/stm32l4xx_hal_pwr.o
HAL_PWREx_EnablePVM3                              build/debug/Drivers/STM32L4xx_HAL_Driver/Src/stm32l4xx_hal_pwr_ex.o
HAL_PWREx_EnablePVM4                              build/debug/Drivers/STM32L4xx_HAL_Driver/Src/stm32l4xx_hal_pwr_ex.o
HAL_PWREx_EnablePullUpPullDownConfig              build/debug/Drivers/STM32L4xx_HAL_Driver/Src/stm32l4xx_hal_pwr_ex.o
HAL_PWREx_EnableSRAM2ContentRetention             build/debug/Drivers/STM32L4xx_HAL_Driver/Src/stm32l4xx_hal_pwr_ex.o
HAL_PWREx_EnterSHUTDOWNMode                       build/debug/Drivers/STM32L4xx_HAL_Driver/Src/stm32l4xx_hal_pwr_ex.o
HAL_PWREx_EnterSTOP0Mode                          build/debug/Drivers/STM32L4xx_HAL_Driver/Src/stm32l4xx_hal_pwr_ex.o
                                                  build/debug/Drivers/STM32L4xx_HAL_Driver/Src/stm32l4xx_hal_pwr.o
HAL_PWREx_EnterSTOP1Mode                          build/debug/Drivers/STM32L4xx_HAL_Driver/Src/stm32l4xx_hal_pwr_ex.o
                                                  build/debug/Drivers/STM32L4xx_HAL_Driver/Src/stm32l4xx_hal_pwr.o
HAL_PWREx_EnterSTOP2Mode                          build/debug/Drivers/STM32L4xx_HAL_Driver/Src/stm32l4xx_hal_pwr_ex.o
HAL_PWREx_GetVoltageRange                         build/debug/Drivers/STM32L4xx_HAL_Driver/Src/stm32l4xx_hal_pwr_ex.o
                                                  build/debug/Drivers/STM32L4xx_HAL_Driver/Src/stm32l4xx_hal_rcc.o
HAL_PWREx_PVD_PVM_IRQHandler                      build/debug/Drivers/STM32L4xx_HAL_Driver/Src/stm32l4xx_hal_pwr_ex.o
HAL_PWREx_PVM3Callback                            build/debug/Drivers/STM32L4xx_HAL_Driver/Src/stm32l4xx_hal_pwr_ex.o
HAL_PWREx_PVM4Callback                            build/debug/Drivers/STM32L4xx_HAL_Driver/Src/stm32l4xx_hal_pwr_ex.o
HAL_PWREx_SetSRAM2ContentRetention                build/debug/Drivers/STM32L4xx_HAL_Driver/Src/stm32l4xx_hal_pwr_ex.o
HAL_PWR_ConfigPVD                                 build/debug/Drivers/STM32L4xx_HAL_Driver/Src/stm32l4xx_hal_pwr.o
HAL_PWR_DeInit                                    build/debug/Drivers/STM32L4xx_HAL_Driver/Src/stm32l4xx_hal_pwr.o
HAL_PWR_DisableBkUpAccess                         build/debug/Drivers/STM32L4xx_HAL_Driver/Src/stm32l4xx_hal_pwr.o
                                                  build/debug/Drivers/STM32L4xx_HAL_Driver/Src/stm32l4xx_hal_rcc_ex.o
HAL_PWR_DisablePVD                                build/debug/Drivers/STM32L4xx_HAL_Driver/Src/stm32l4xx_hal_pwr.o
HAL_PWR_DisableSEVOnPend                          build/debug/Drivers/STM32L4xx_HAL_Driver/Src/stm32l4xx_hal_pwr.o
HAL_PWR_DisableSleepOnExit                        build/debug/Drivers/STM32L4xx_HAL_Driver/Src/stm32l4xx_hal_pwr.o
HAL_PWR_DisableWakeUpPin                          build/debug/Drivers/STM32L4xx_HAL_Driver/Src/stm32l4xx_hal_pwr.o
HAL_PWR_EnableBkUpAccess                          build/debug/Drivers/STM32L4xx_HAL_Driver/Src/stm32l4xx_hal_pwr.o
                                                  build/debug/Drivers/STM32L4xx_HAL_Driver/Src/stm32l4xx_hal_rcc_ex.o
HAL_PWR_EnablePVD                                 build/debug/Drivers/STM32L4xx_HAL_Driver/Src/stm32l4xx_hal_pwr.o
HAL_PWR_EnableSEVOnPend                           build/debug/Drivers/STM32L4xx_HAL_Driver/Src/stm32l4xx_hal_pwr.o
HAL_PWR_EnableSleepOnExit                         build/debug/Drivers/STM32L4xx_HAL_Driver/Src/stm32l4xx_hal_pwr.o
HAL_PWR_EnableWakeUpPin                           build/debug/Drivers/STM32L4xx_HAL_Driver/Src/stm32l4xx_hal_pwr.o
HAL_PWR_EnterSLEEPMode                            build/debug/Drivers/STM32L4xx_HAL_Driver/Src/stm32l4xx_hal_pwr.o
HAL_PWR_EnterSTANDBYMode                          build/debug/Drivers/STM32L4xx_HAL_Driver/Src/stm32l4xx_hal_pwr.o
HAL_PWR_EnterSTOPMode                             build/debug/Drivers/STM32L4xx_HAL_Driver/Src/stm32l4xx_hal_pwr.o
HAL_PWR_PVDCallback                               build/debug/Drivers/STM32L4xx_HAL_Driver/Src/stm32l4xx_hal_pwr.o
                                                  build/debug/Drivers/STM32L4xx_HAL_Driver/Src/stm32l4xx_hal_pwr_ex.o
HAL_RCCEx_CRSConfig                               build/debug/Drivers/STM32L4xx_HAL_Driver/Src/stm32l4xx_hal_rcc_ex.o
HAL_RCCEx_CRSGetSynchronizationInfo               build/debug/Drivers/STM32L4xx_HAL_Driver/Src/stm32l4xx_hal_rcc_ex.o
HAL_RCCEx_CRSSoftwareSynchronizationGenerate      build/debug/Drivers/STM32L4xx_HAL_Driver/Src/stm32l4xx_hal_rcc_ex.o
HAL_RCCEx_CRSWaitSynchronization                  build/debug/Drivers/STM32L4xx_HAL_Driver/Src/stm32l4xx_hal_rcc_ex.o
HAL_RCCEx_CRS_ErrorCallback                       build/debug/Drivers/STM32L4xx_HAL_Driver/Src/stm32l4xx_hal_rcc_ex.o
HAL_RCCEx_CRS_ExpectedSyncCallback                build/debug/Drivers/STM32L4xx_HAL_Driver/Src/stm32l4xx_hal_rcc_ex.o
HAL_RCCEx_CRS_IRQHandler                          build/debug/Drivers/STM32L4xx_HAL_Driver/Src/stm32l4xx_hal_rcc_ex.o
HAL_RCCEx_CRS_SyncOkCallback                      build/debug/Drivers/STM32L4xx_HAL_Driver/Src/stm32l4xx_hal_rcc_ex.o
HAL_RCCEx_CRS_SyncWarnCallback                    build/debug/Drivers/STM32L4xx_HAL_Driver/Src/stm32l4xx_hal_rcc_ex.o
HAL_RCCEx_DisableLSCO                             build/debug/Drivers/STM32L4xx_HAL_Driver/Src/stm32l4xx_hal_rcc_ex.o
HAL_RCCEx_DisableLSECSS                           build/debug/Drivers/STM32L4xx_HAL_Driver/Src/stm32l4xx_hal_rcc_ex.o
HAL_RCCEx_DisableMSIPLLMode                       build/debug/Drivers/STM32L4xx_HAL_Driver/Src/stm32l4xx_hal_rcc_ex.o
HAL_RCCEx_DisablePLLSAI1                          build/debug/Drivers/STM32L4xx_HAL_Driver/Src/stm32l4xx_hal_rcc_ex.o
HAL_RCCEx_EnableLSCO                              build/debug/Drivers/STM32L4xx_HAL_Driver/Src/stm32l4xx_hal_rcc_ex.o
HAL_RCCEx_EnableLSECSS                            build/debug/Drivers/STM32L4xx_HAL_Driver/Src/stm32l4xx_hal_rcc_ex.o
HAL_RCCEx_EnableLSECSS_IT                         build/debug/Drivers/STM32L4xx_HAL_Driver/Src/stm32l4xx_hal_rcc_ex.o
HAL_RCCEx_EnableMSIPLLMode                        build/debug/Drivers/STM32L4xx_HAL_Driver/Src/stm32l4xx_hal_rcc_ex.o
HAL_RCCEx_EnablePLLSAI1                           build/debug/Drivers/STM32L4xx_HAL_Driver/Src/stm32l4xx_hal_rcc_ex.o
HAL_RCCEx_GetPeriphCLKConfig                      build/debug/Drivers/STM32L4xx_HAL_Driver/Src/stm32l4xx_hal_rcc_ex.o
HAL_RCCEx_GetPeriphCLKFreq                        build/debug/Drivers/STM32L4xx_HAL_Driver/Src/stm32l4xx_hal_rcc_ex.o
HAL_RCCEx_LSECSS_Callback                         build/debug/Drivers/STM32L4xx_HAL_Driver/Src/stm32l4xx_hal_rcc_ex.o
HAL_RCCEx_LSECSS_IRQHandler                       build/debug/Drivers/STM32L4xx_HAL_Driver/Src/stm32l4xx_hal_rcc_ex.o
HAL_RCCEx_PeriphCLKConfig                         build/debug/Drivers/STM32L4xx_HAL_Driver/Src/stm32l4xx_hal_rcc_ex.o
                                                  build/debug/Core/Src/adc.o
HAL_RCCEx_StandbyMSIRangeConfig                   build/debug/Drivers/STM32L4xx_HAL_Driver/Src/stm32l4xx_hal_rcc_ex.o
HAL_RCCEx_WakeUpStopCLKConfig                     build/debug/Drivers/STM32L4xx_HAL_Driver/Src/stm32l4xx_hal_rcc_ex.o
HAL_RCC_CSSCallback                               build/debug/Drivers/STM32L4xx_HAL_Driver/Src/stm32l4xx_hal_rcc.o
HAL_RCC_ClockConfig                               build/debug/Drivers/STM32L4xx_HAL_Driver/Src/stm32l4xx_hal_rcc.o